SERVER_HANDSHAKE_TRAFFIC_SECRET ae42edcce74e333f802d75a9ad65920b268468acd1cb7b8fbd9db0a7513aef1d f4f3fde7a6d9d479f1a51fa97d2cc414f446d2587c852c57343063a7678591c7
CLIENT_HANDSHAKE_TRAFFIC_SECRET ae42edcce74e333f802d75a9ad65920b268468acd1cb7b8fbd9db0a7513aef1d 48845c9a6d838d05e2368a3ad6b25e4abe12bc793279b95ee3c2a94737f85e23
SERVER_HANDSHAKE_TRAFFIC_SECRET 8c21de8dc3ec8a279b560fdd69152170e81dd4fb4641f76f1ec7137ef0e381c3 4166693074268994e7c568f0544ded5cf1bb4cfefc1b0f42bf47a7cbd58e4c27
SERVER_HANDSHAKE_TRAFFIC_SECRET 84531b26389b5354c2fd279d261555ec61c57b92c2c30cff41a468fcab6bef34 1298e134ac6ddeb628e2272cbf58b62cc9ade3d6ae539c9af0b72761f068fa53
CLIENT_HANDSHAKE_TRAFFIC_SECRET 84531b26389b5354c2fd279d261555ec61c57b92c2c30cff41a468fcab6bef34 5d507f30e1af86a3a3f85d74d3a4524ce8f2f63a6afdad6b6703889df8c15f6a
CLIENT_HANDSHAKE_TRAFFIC_SECRET 8c21de8dc3ec8a279b560fdd69152170e81dd4fb4641f76f1ec7137ef0e381c3 bcefd46e14068fef170b6ab97840b29169dd6b2bdb0ecdba85fc2047815240f8
SERVER_TRAFFIC_SECRET_0 84531b26389b5354c2fd279d261555ec61c57b92c2c30cff41a468fcab6bef34 ac70cda9d84ab701c240d9a4e7ca5272e3e6a3f3f1218acfcf3649d8e3ca9ceb
SERVER_HANDSHAKE_TRAFFIC_SECRET aa3660aab2f4ed235afa7891c08cfc6ccd69bdb77fbeff92f4019531a51c1e8d 8398e28f9119c832d3d3b587dbdf118c41944b72f9d6a297808c71026dcdf554
CLIENT_HANDSHAKE_TRAFFIC_SECRET aa3660aab2f4ed235afa7891c08cfc6ccd69bdb77fbeff92f4019531a51c1e8d 12d832b87ecb7492bae87745515877bc930856c826541d14e800e7ef5cd17fc4
SERVER_TRAFFIC_SECRET_0 aa3660aab2f4ed235afa7891c08cfc6ccd69bdb77fbeff92f4019531a51c1e8d abb6583a123ee87a4610a0e71362500f638271c0403abacfeb43f94a722a3dd1
CLIENT_TRAFFIC_SECRET_0 aa3660aab2f4ed235afa7891c08cfc6ccd69bdb77fbeff92f4019531a51c1e8d 35aafaca8835f0097016aab25e176fee929ddb4809967b835b336c00017cafbd
SERVER_TRAFFIC_SECRET_0 8c21de8dc3ec8a279b560fdd69152170e81dd4fb4641f76f1ec7137ef0e381c3 8bb7d3d85ff38f14b3c93a4529a5943ed2bc7c1c7691211124398115f792fc39
CLIENT_TRAFFIC_SECRET_0 8c21de8dc3ec8a279b560fdd69152170e81dd4fb4641f76f1ec7137ef0e381c3 2f3e4ea926842030748e4582cdd5c957c089ee4951c0d21616d713d47d26798d
CLIENT_TRAFFIC_SECRET_0 84531b26389b5354c2fd279d261555ec61c57b92c2c30cff41a468fcab6bef34 57f46a1465acbcd9086a63c0b24e27465e013923c6dd2857917455fd6ca3651f
SERVER_TRAFFIC_SECRET_0 ae42edcce74e333f802d75a9ad65920b268468acd1cb7b8fbd9db0a7513aef1d 19c65481c858cc403fc933c4a6be00d74deb42a4ee4958c44a3d570fec4ae414
CLIENT_TRAFFIC_SECRET_0 ae42edcce74e333f802d75a9ad65920b268468acd1cb7b8fbd9db0a7513aef1d a81993e5ba6e180f39e36f0eef323faac37b2f8417badc2de1b72303ce32b2e5
SERVER_HANDSHAKE_TRAFFIC_SECRET 2dc56261872be42ebc439fd8c4eabb5be51b36e9d9d16e459217685fc3b75d2a 99f21bc192216dc9a8211f887ab0880ce82eb344ad52b2fb7788aa732c5d4ce1
CLIENT_HANDSHAKE_TRAFFIC_SECRET 2dc56261872be42ebc439fd8c4eabb5be51b36e9d9d16e459217685fc3b75d2a ff33f6409df2f61556945452b49f7eaac1e9519463a825336312ece97ddf62a6
SERVER_HANDSHAKE_TRAFFIC_SECRET ec996c23896ef002ae7a24be01229a76569a428bbc4d1de57507e24e750ffe11 4737c143f063d576ef9b80910dc2140c038b00faf1413fb57ecd6f74deee703e
CLIENT_HANDSHAKE_TRAFFIC_SECRET ec996c23896ef002ae7a24be01229a76569a428bbc4d1de57507e24e750ffe11 b20ab2e6b883f99926549bbec48c6a4635bba7cf866c50b65b1afa4b1e7a2feb
SERVER_TRAFFIC_SECRET_0 2dc56261872be42ebc439fd8c4eabb5be51b36e9d9d16e459217685fc3b75d2a b21122a82d97566c735ceac1162172bb4de29db6217e96cb7f554336bef018b0
CLIENT_TRAFFIC_SECRET_0 2dc56261872be42ebc439fd8c4eabb5be51b36e9d9d16e459217685fc3b75d2a 77a2c5b2efd72141fe7dc9b08dd4c5800c78646918a11ffb8bd006c2f8ca7b89
SERVER_HANDSHAKE_TRAFFIC_SECRET 028f8a993c2f02c8e7cb758d9780cd31bf9833e6778abf5eeabd2f9ffae42714 5e4d32d7424519b34e92acef04761ac9d0dd5497f2e5ff7d9aaa4b83b18e886c
CLIENT_HANDSHAKE_TRAFFIC_SECRET 028f8a993c2f02c8e7cb758d9780cd31bf9833e6778abf5eeabd2f9ffae42714 27eaf9caecb89ed7cdf16534461a345a34a72c5d128d0688964263c25d66a8f6
SERVER_HANDSHAKE_TRAFFIC_SECRET 02214bd58aac193ffc61462ba3c44c77217b28a5169eef85fd0a16b9e45d9f4f d5d773d75e0b31d1788e068a735db7f1e3f1dd1ecd32b74646f7e4ed9dcbb12e
CLIENT_HANDSHAKE_TRAFFIC_SECRET 02214bd58aac193ffc61462ba3c44c77217b28a5169eef85fd0a16b9e45d9f4f b262a9fe5ec19dcf96fa112e8ea20d26f50a837e0b2f1637911a116c1bedae5e
SERVER_TRAFFIC_SECRET_0 028f8a993c2f02c8e7cb758d9780cd31bf9833e6778abf5eeabd2f9ffae42714 df7f7e1b92abbc8982c6a2315f9764447b1e4384d3d1daaaff51515f752b14ec
CLIENT_TRAFFIC_SECRET_0 028f8a993c2f02c8e7cb758d9780cd31bf9833e6778abf5eeabd2f9ffae42714 018e8dbd33b6a70ec52ca7c1a21234404ca1b4a15456ec7e2e0ed173ca80d294
SERVER_TRAFFIC_SECRET_0 ec996c23896ef002ae7a24be01229a76569a428bbc4d1de57507e24e750ffe11 1db79a3065455badbee12862912cd319bb382a47dfde17f49e661a84905042a0
CLIENT_TRAFFIC_SECRET_0 ec996c23896ef002ae7a24be01229a76569a428bbc4d1de57507e24e750ffe11 0d88401cbf76f4c29e0b5210c701a1ef2922125e39a235a42264c59609874dca
SERVER_HANDSHAKE_TRAFFIC_SECRET 07037174b81fcc65d9a069407278a80b39ce65c20f661ff039e3eb65011d2623 980797ed445362b2386bec556316a0e14919723c5fb992eb6df5a1690340927f
CLIENT_HANDSHAKE_TRAFFIC_SECRET 07037174b81fcc65d9a069407278a80b39ce65c20f661ff039e3eb65011d2623 011ba65da7fa49d507f647b30252dcf691cb98661b7d8fd1b852d43a7c0df1a5
SERVER_TRAFFIC_SECRET_0 02214bd58aac193ffc61462ba3c44c77217b28a5169eef85fd0a16b9e45d9f4f 4616a54370d41d236a79a6c49406348491674c2e4052cde8d0b82529f886c8de
CLIENT_TRAFFIC_SECRET_0 02214bd58aac193ffc61462ba3c44c77217b28a5169eef85fd0a16b9e45d9f4f 3cda38a0c9e6a35ad3fbd6d1f14d820631c8f8a711c5ae2982f93947e03c7f03
SERVER_TRAFFIC_SECRET_0 07037174b81fcc65d9a069407278a80b39ce65c20f661ff039e3eb65011d2623 8861935c2e23da5dfde18f31ff645bd0fceb710b192d672540c031ac8f9cace2
CLIENT_TRAFFIC_SECRET_0 07037174b81fcc65d9a069407278a80b39ce65c20f661ff039e3eb65011d2623 77910c193a29c5802957626b2a5ca0119991e05052b4bfd0b364f4c4eb414680
SERVER_HANDSHAKE_TRAFFIC_SECRET aeddb280a33c788d1b4e5707c0e6a2adec11a6e44522e41ee39a982f4a592303 359260ee671e53ab1fcdad365bafbcfd3a178cc492a67fef83cbae5093398897
CLIENT_HANDSHAKE_TRAFFIC_SECRET aeddb280a33c788d1b4e5707c0e6a2adec11a6e44522e41ee39a982f4a592303 a6cbd725bfec460f58df9cbc42a1f93bcf22a3edfc8c21445cf8f9a70aadd6bf
SERVER_TRAFFIC_SECRET_0 aeddb280a33c788d1b4e5707c0e6a2adec11a6e44522e41ee39a982f4a592303 46d43b4260bf93f7fc52838ae8efc3f74c0c5abc48d52a94fba53140b5301f82
CLIENT_TRAFFIC_SECRET_0 aeddb280a33c788d1b4e5707c0e6a2adec11a6e44522e41ee39a982f4a592303 8c20e1d0c638761cc728d32744eb31168227682a84597500b2ef9f8745a51993
SERVER_HANDSHAKE_TRAFFIC_SECRET b5cd7a99d06f307fd9a2946457c4a76e5309714a914d5464735a20085db726be 465c7462f552e92982b07d8f218936907a4317c57aeaa33d2d4461446c943ee9
CLIENT_HANDSHAKE_TRAFFIC_SECRET b5cd7a99d06f307fd9a2946457c4a76e5309714a914d5464735a20085db726be 04cafeef37891c5ef953d3e5fe2ee0b0a140ea7291dc048c66bc82677a5555b5
SERVER_HANDSHAKE_TRAFFIC_SECRET 90298f45a6216b9463060099e6db1dae6194674e46dd6f7f7bebb52adc856b83 6bc6b799cca6007b836f2d6dbececa2136fb3e4ed5787ccfc7e77e745de0d3c0
CLIENT_HANDSHAKE_TRAFFIC_SECRET 90298f45a6216b9463060099e6db1dae6194674e46dd6f7f7bebb52adc856b83 83fad115beb4c9847b4a52679688996d869a22310249ec06bf73f5c1417222ba
SERVER_HANDSHAKE_TRAFFIC_SECRET e5987bfecb52c9597de3ca4123c833c95cf9c8845ff0911af06dc577fb17168c 232b78d28e6f120cacd3e579ba9f52b21864c626d1837a55212e5af98b4290ff
CLIENT_HANDSHAKE_TRAFFIC_SECRET e5987bfecb52c9597de3ca4123c833c95cf9c8845ff0911af06dc577fb17168c c19bf1e0a47c730ffccf6c6acfbfcf78f41056dc53677cdcdc8cb3c73f25a09c
SERVER_TRAFFIC_SECRET_0 90298f45a6216b9463060099e6db1dae6194674e46dd6f7f7bebb52adc856b83 737bfbc937664bddc52a8447f7033476968084491435d8031a51d3598e1073a0
SERVER_HANDSHAKE_TRAFFIC_SECRET d14d68d5e005ec97a91003f4f4fb410ac1683cb5d60a4e2ed7b91ca4896a69a5 3cc128645b6c25b556b35e3f7cad6b5845f60059ab0380da4694e35f80a54dae
CLIENT_HANDSHAKE_TRAFFIC_SECRET d14d68d5e005ec97a91003f4f4fb410ac1683cb5d60a4e2ed7b91ca4896a69a5 83c35f4da9b7df25b0a85bad37f32da0c446c9a1d82ac938ce7cef6f172f893d
SERVER_HANDSHAKE_TRAFFIC_SECRET b89272aa116a042f4cbcf2e4b3a3486868de3505caff94f8eaaae6a61c2ba62d a177fe922e8e42982de19818ee2f4288c0c54ec758ce53dac4bfc60017b03779
CLIENT_HANDSHAKE_TRAFFIC_SECRET b89272aa116a042f4cbcf2e4b3a3486868de3505caff94f8eaaae6a61c2ba62d 42ef2ca1f3b789907cca442d050b9617b4c7c8bd5016dd735e412da5acdf0134
CLIENT_TRAFFIC_SECRET_0 90298f45a6216b9463060099e6db1dae6194674e46dd6f7f7bebb52adc856b83 b7839f939fd51f98eed9df526179ff1221f9a0a43f8b413eb5aa924a09440a4a
SERVER_HANDSHAKE_TRAFFIC_SECRET 6778dfd27be49663d0c3158106007ebfbefa8e1eaab2cd6277060b57a3bc7ef2 b23741821b4bc644da59bc919dbaf812366891cce5ba55aa2065c50e910bb022
CLIENT_HANDSHAKE_TRAFFIC_SECRET 6778dfd27be49663d0c3158106007ebfbefa8e1eaab2cd6277060b57a3bc7ef2 74552890a5b9ea4bfcd5bd733ca34e5f673d3452f66cdbb3dbc0b98237ac7ef1
SERVER_TRAFFIC_SECRET_0 e5987bfecb52c9597de3ca4123c833c95cf9c8845ff0911af06dc577fb17168c 5586a296614cff23b0f171e0778ed72ed09785b14db991e0cc330920485f91d9
CLIENT_TRAFFIC_SECRET_0 e5987bfecb52c9597de3ca4123c833c95cf9c8845ff0911af06dc577fb17168c 2ca601a529d1f7a812fe8653f989f372ca2c1a1f9eb298564898846841a75235
SERVER_TRAFFIC_SECRET_0 b5cd7a99d06f307fd9a2946457c4a76e5309714a914d5464735a20085db726be f4061ec7a5426c8baa95e128873af7cca8119934534dc1f9593f80544c50a565
CLIENT_TRAFFIC_SECRET_0 b5cd7a99d06f307fd9a2946457c4a76e5309714a914d5464735a20085db726be 30bca8d1ce691230bbe0d1af160d9de83a60e6e3bb782f5a55ba44330635cea5
SERVER_TRAFFIC_SECRET_0 d14d68d5e005ec97a91003f4f4fb410ac1683cb5d60a4e2ed7b91ca4896a69a5 a45b01cc21ff46dcff7c324f5d2da5194fe0628f985e44b92b1a8db617f6a55c
CLIENT_TRAFFIC_SECRET_0 d14d68d5e005ec97a91003f4f4fb410ac1683cb5d60a4e2ed7b91ca4896a69a5 dd1680d11cf0cedc001c6ad6feb68d2e0e0d6000ca79b7b585a2661d7fc80fb6
SERVER_TRAFFIC_SECRET_0 6778dfd27be49663d0c3158106007ebfbefa8e1eaab2cd6277060b57a3bc7ef2 9bcc0466315563e8e3cb9fe7ad102336f978706e4092ee174e3bba4a49bbe16f
CLIENT_TRAFFIC_SECRET_0 6778dfd27be49663d0c3158106007ebfbefa8e1eaab2cd6277060b57a3bc7ef2 4f5a21c7eaf7cb5799b52358dc43178ce4ac26c4e99af8773e2b6f9cc4a6e769
SERVER_TRAFFIC_SECRET_0 b89272aa116a042f4cbcf2e4b3a3486868de3505caff94f8eaaae6a61c2ba62d 02d12f2aceea280f886c14ae6f9c4422336731f193e35c79f61d469c89609832
CLIENT_TRAFFIC_SECRET_0 b89272aa116a042f4cbcf2e4b3a3486868de3505caff94f8eaaae6a61c2ba62d b79119d092a5589d148c7b5a6e2bf581cb78c5b5ece4238d8a01ffb234305100
SERVER_HANDSHAKE_TRAFFIC_SECRET 75200fcdbd048aa4feddb4587ccec4e92365c5cf57da1f64ea4dcc2f5b647610 7888fd2464d8c312eb6178a54ec9f0b6636799973ca6707a6030e2ed1687ead1
CLIENT_HANDSHAKE_TRAFFIC_SECRET 75200fcdbd048aa4feddb4587ccec4e92365c5cf57da1f64ea4dcc2f5b647610 798f716719d2dc20384fa32270a9dc19c3297b598763fc4e2eadf704dc481797
SERVER_TRAFFIC_SECRET_0 75200fcdbd048aa4feddb4587ccec4e92365c5cf57da1f64ea4dcc2f5b647610 d4b6574e02062a1f03620a9f3eab4cc337e4dc05d1089a34d3f0f2c3f47fcfba
CLIENT_TRAFFIC_SECRET_0 75200fcdbd048aa4feddb4587ccec4e92365c5cf57da1f64ea4dcc2f5b647610 73d289b917a5c67f234eb307c1d3300c5cad8342a829e5f7763fca740c4b107d
SERVER_HANDSHAKE_TRAFFIC_SECRET 34e56841ab38d72fb589fd29f8c72448243dcafd6adfafe01c1a561ad40f74de adf1c8a7a792bdf35d6682ba707b743f2684ad18253abc9bbbb009fa8ce46d97
CLIENT_HANDSHAKE_TRAFFIC_SECRET 34e56841ab38d72fb589fd29f8c72448243dcafd6adfafe01c1a561ad40f74de 309b08f6a65676106d173fce455c29abeaa79727fe9803b4eeec6f7f2c2c5f48
SERVER_HANDSHAKE_TRAFFIC_SECRET 02ac424e30eabe5c6461efe76afe64134daf16ee4319edd6df63979e9fa43199 f6016d6db8005bfcbebc2d1cb649e6c85fa2be947098e9d9a41e42e78b76e239
CLIENT_HANDSHAKE_TRAFFIC_SECRET 02ac424e30eabe5c6461efe76afe64134daf16ee4319edd6df63979e9fa43199 1b2c95ed214877b17678dd9d9618112f07dced0d42d6147721770be537bd5ec7
SERVER_HANDSHAKE_TRAFFIC_SECRET c3843567b2a6af325fe5565be693bf55c42e1e70526b1adfc74ad01636e4204b d0f7884944c263fed3492eaec7bea35fae85d7f09ec1f4a65a56870f6dfadf66
SERVER_HANDSHAKE_TRAFFIC_SECRET 49009ecf021e9f53aafc5126b6df4d43f977d6217a22fc83b7726ea69c59bdad 0edd230666d35f90e55d33107653243a697c0268ce0298a6ae37d69693adca5f
CLIENT_HANDSHAKE_TRAFFIC_SECRET 49009ecf021e9f53aafc5126b6df4d43f977d6217a22fc83b7726ea69c59bdad 3c506a21c5559d604549bb83396feb0a40dec81848db2ad6dff0a321ea902d27
SERVER_TRAFFIC_SECRET_0 34e56841ab38d72fb589fd29f8c72448243dcafd6adfafe01c1a561ad40f74de db097c37c1ddbfa4341acd88a022241bc582b670257830a8db88770e842f5ca7
CLIENT_TRAFFIC_SECRET_0 34e56841ab38d72fb589fd29f8c72448243dcafd6adfafe01c1a561ad40f74de 1485d3bb2cc636ec3f1b8f2bf33616478dbf698a8f01447095d47167f140bee4
CLIENT_HANDSHAKE_TRAFFIC_SECRET c3843567b2a6af325fe5565be693bf55c42e1e70526b1adfc74ad01636e4204b 678640685a440168efa15a27265b0d2c55c02e944c7f0d9d6c4d85d90922aafb
SERVER_TRAFFIC_SECRET_0 02ac424e30eabe5c6461efe76afe64134daf16ee4319edd6df63979e9fa43199 96eaba1d85fe064b8a129f940e1f229093614e5d8b0fc303a516668227faefdd
SERVER_TRAFFIC_SECRET_0 c3843567b2a6af325fe5565be693bf55c42e1e70526b1adfc74ad01636e4204b 418c707c7ad65cdaab4d33e313afd37f1fdd643c4e5f664c82973f5324c1f4a6
SERVER_TRAFFIC_SECRET_0 49009ecf021e9f53aafc5126b6df4d43f977d6217a22fc83b7726ea69c59bdad e9bb8182343b6a9a43cc7fc46631284055400d91810dca34691c9cfb5173a7a6
CLIENT_TRAFFIC_SECRET_0 49009ecf021e9f53aafc5126b6df4d43f977d6217a22fc83b7726ea69c59bdad fb1c5b3038c4244264d18f2f662db04731993c726b31df2b2e09d3a023873fa6
CLIENT_TRAFFIC_SECRET_0 c3843567b2a6af325fe5565be693bf55c42e1e70526b1adfc74ad01636e4204b e5955044c9760ce1c5a75af87ab35b0730a2423b6468ec5cd5ec725adbda5452
SERVER_HANDSHAKE_TRAFFIC_SECRET a72eecb5641d5cdb7ac59e4b18fed500ac1d0631ef1a79596144007660f1da39 9b51dc9b6dd1467b0b47ff73bb03118f32da44f5544de41157a2b93e962bbc39
CLIENT_TRAFFIC_SECRET_0 02ac424e30eabe5c6461efe76afe64134daf16ee4319edd6df63979e9fa43199 de28873c035b02c7a3ec32958b6ad69f50dfa661f6bc9c26eb3e2c3b7fd794e8
CLIENT_HANDSHAKE_TRAFFIC_SECRET a72eecb5641d5cdb7ac59e4b18fed500ac1d0631ef1a79596144007660f1da39 7ea212a0f76eed2752765e759b3a8c6bfa7d54744433fd4fde58e5807c5b3be5
SERVER_TRAFFIC_SECRET_0 a72eecb5641d5cdb7ac59e4b18fed500ac1d0631ef1a79596144007660f1da39 3a0823d1440a9ca8f3cdbbc806dfefb8329364ab280ef9bb3a5ba717d5948ba2
CLIENT_TRAFFIC_SECRET_0 a72eecb5641d5cdb7ac59e4b18fed500ac1d0631ef1a79596144007660f1da39 4691064c741b3fb797cd82747f943f8ee1d62e81cd654a7763d37ba0a9745d37
SERVER_HANDSHAKE_TRAFFIC_SECRET c405870eb8f06690c2c4e68c860268a8140490c656035fe176319c53069d3740 d99ae1a81c801b122476ebef67bec0232c3f6622fc89db1766a0f8b91ca10aa5
CLIENT_HANDSHAKE_TRAFFIC_SECRET c405870eb8f06690c2c4e68c860268a8140490c656035fe176319c53069d3740 93866c93e899d5bb14e9709e235e78233932df1fd8fb8b9e75c5cc7575e6682b
SERVER_HANDSHAKE_TRAFFIC_SECRET 6ab23b4cb353f11afbab2752b08cfe0b117c64c52f394bfd1c2cf1709abf1220 e52b5c1f3de54c14b3c29fdf8f00e924ef080d93f4c08d4b87942ceec341d8c0
CLIENT_HANDSHAKE_TRAFFIC_SECRET 6ab23b4cb353f11afbab2752b08cfe0b117c64c52f394bfd1c2cf1709abf1220 7b77afa32b6b9319289785d07ce4dc7bec2f676968d4979bca544f4a21c8f312
SERVER_HANDSHAKE_TRAFFIC_SECRET a6bfbfd2a3465b5ee1c28794ac54c33ba0da5ea91f0bffa7ed601581b6da0350 1001191c70f97c134fb3216a406526b2298db2f512d851af9bbbbdf104dd0ccf
CLIENT_HANDSHAKE_TRAFFIC_SECRET a6bfbfd2a3465b5ee1c28794ac54c33ba0da5ea91f0bffa7ed601581b6da0350 46d9fd514e18427671d819c7491069dd4d6cf64b2dbc9445a9b8a397a6fbe13d
SERVER_HANDSHAKE_TRAFFIC_SECRET 379f597a913ab44c55a916dabd6fbc2b5b3ad116e76202ea42b2c4412437ad3a eadf2d721f0523bb02e971fbb04f21eadeb1d1cb1fcc7f0deaf8c69ba736116c
CLIENT_HANDSHAKE_TRAFFIC_SECRET 379f597a913ab44c55a916dabd6fbc2b5b3ad116e76202ea42b2c4412437ad3a 42f6671d0bf9345978a7bb72d5c215d9d7f778adeeacadbfa262715f9914c1df
SERVER_HANDSHAKE_TRAFFIC_SECRET e0e289f3fb66d75766a7f1a66da92be503c90de13eadb5660eca22eca3d48c52 450dd3d64f11aabaabb51d9bf8ff281a253d73a5a4b17f0c1fc33ae9fc01fa69
CLIENT_HANDSHAKE_TRAFFIC_SECRET e0e289f3fb66d75766a7f1a66da92be503c90de13eadb5660eca22eca3d48c52 5252d847c5cfe07ffad0a4ac781a6be0c4ab884e59cc3ae4903a89906019effa
SERVER_HANDSHAKE_TRAFFIC_SECRET 6300564f54aa0a7fecac829eeac20c5fe67b51c93a5771a27ff1e2814d0d95dd 30b18a8cff6d0a57fff47057908caeab302f9662b38f96558aa3a53872e1417b
CLIENT_HANDSHAKE_TRAFFIC_SECRET 6300564f54aa0a7fecac829eeac20c5fe67b51c93a5771a27ff1e2814d0d95dd b481dbda983ec3d13ed2a8b21f751d5d5bfca91b5d34911ecc26d34d3c7823d8
SERVER_HANDSHAKE_TRAFFIC_SECRET d64f5bbee0094e65e1fa37ffa18c662610544f61e7c70d49c7e2c59da932a20d a091f7470b36922c5381af5c133ffde97f5dfea2291ddd20b7060c14f0aec0bb
CLIENT_HANDSHAKE_TRAFFIC_SECRET d64f5bbee0094e65e1fa37ffa18c662610544f61e7c70d49c7e2c59da932a20d ff20b4e33c3b11f4752cab6a8df81568390eb01617de14dc6ebd16f0f63f1894
SERVER_HANDSHAKE_TRAFFIC_SECRET f9d273e64cf05e27e703e524281907391ee5b3697d916a5d6f8b8743426e7e17 60dbba099163570dea02c7cb63741ab2c08a64a0d749504e73bb58ad5873689c
CLIENT_HANDSHAKE_TRAFFIC_SECRET f9d273e64cf05e27e703e524281907391ee5b3697d916a5d6f8b8743426e7e17 8c23dfae8a54311ba034e36fb049bb7409771be781e9e8afb1e2538b287faff1
SERVER_HANDSHAKE_TRAFFIC_SECRET 02e287a20915732c5c7dc8d1d6790c501243a96d733203233dfe32a46c7acd07 b6006c8891ae2d99742f1506ec77ff73979a695b2a79e6d959666d557310dd0f
CLIENT_HANDSHAKE_TRAFFIC_SECRET 02e287a20915732c5c7dc8d1d6790c501243a96d733203233dfe32a46c7acd07 c7311a9760a534f99e6aaa1c04583516f9cb952c9db4003b5266530a6274f5c3
SERVER_HANDSHAKE_TRAFFIC_SECRET 7d379b1c1a8aecdf0373f62136abdfa7a47427ff7042fd5afdf1c525bf23ac6d c487852183b2671a48c60d94108837102823b18c09daf633f81ccaecb9566c9b
CLIENT_HANDSHAKE_TRAFFIC_SECRET 7d379b1c1a8aecdf0373f62136abdfa7a47427ff7042fd5afdf1c525bf23ac6d 91270b4b2d34a976e47d092df0a994681a70c726effc4461085eb1e115c9b39b
SERVER_TRAFFIC_SECRET_0 7d379b1c1a8aecdf0373f62136abdfa7a47427ff7042fd5afdf1c525bf23ac6d c1b84684226675eceebdbc5eb5ffa330f2b9cc6c3dbff56e049e49f6f202a4f3
CLIENT_TRAFFIC_SECRET_0 7d379b1c1a8aecdf0373f62136abdfa7a47427ff7042fd5afdf1c525bf23ac6d 661e7e23200f2a0259256d59ad5b09347d3c366e794312b9ad4310fc5e91e927
SERVER_HANDSHAKE_TRAFFIC_SECRET e8f3eaf1625bd03b32b15cca18fb10d27ad3ab464a32ca579983194215752f9e 76c62bb356f50ef0d9da32631200ee68194f5652f24fa0af4ec7a0a6c5ea21e9
CLIENT_HANDSHAKE_TRAFFIC_SECRET e8f3eaf1625bd03b32b15cca18fb10d27ad3ab464a32ca579983194215752f9e e58c5cef78a936429f563066480d503ed07ff4ab019a16952bad969b1996e606
SERVER_TRAFFIC_SECRET_0 02e287a20915732c5c7dc8d1d6790c501243a96d733203233dfe32a46c7acd07 62197c1c012cfa0881fb856cedc01ac41a09dbbe31f1961c7cbdc202c2b1d277
CLIENT_TRAFFIC_SECRET_0 02e287a20915732c5c7dc8d1d6790c501243a96d733203233dfe32a46c7acd07 a2f1c055c0e5934a25d5cca9901fab32fd5515ee653825c50db13cbd287f98ed
SERVER_HANDSHAKE_TRAFFIC_SECRET d98c22365ef84b4c02cc3a7cbef39ed8a83b1c85fe888e8d7a1d4dfa324e4894 57b4326a72c730e56663a8d34104695b8efa5b7b8dce9d5ada8533db31f716c9
CLIENT_HANDSHAKE_TRAFFIC_SECRET d98c22365ef84b4c02cc3a7cbef39ed8a83b1c85fe888e8d7a1d4dfa324e4894 be29439cda57760538ba1c248b586235da4d4eac3bda4d79fc8743a3f9ba6e12
SERVER_HANDSHAKE_TRAFFIC_SECRET 0eacafe547621283de02315d07acf744b7cf3d3c93690cf03aaf3cd00aa7687a 5fa2938835fb225bd0a9143a78443a7a5ca5b3e222a17bf249f1741c2df0b9ec
CLIENT_HANDSHAKE_TRAFFIC_SECRET 0eacafe547621283de02315d07acf744b7cf3d3c93690cf03aaf3cd00aa7687a f2ee7c4a73f47699bb34746da2199accb78395747ea59b766ade7967ca9f5f97
SERVER_TRAFFIC_SECRET_0 0eacafe547621283de02315d07acf744b7cf3d3c93690cf03aaf3cd00aa7687a 95aff5a63cf957c5fd5df79b76fcac2d210ceb99282bb0a5df27cc9b78cf8957
CLIENT_TRAFFIC_SECRET_0 0eacafe547621283de02315d07acf744b7cf3d3c93690cf03aaf3cd00aa7687a 4d092cd180d63b907c4ed7635a70679619fb8867d4370fbc3ec00c1fcaa0d9c8
SERVER_HANDSHAKE_TRAFFIC_SECRET d9b36c748e5a9098e5d4ec6e6caab85510f689d2d0e5a8f6de329962818362d7 a7ff08f697f73755c9c5eeb54e3103bda04c840aef9d577a574da42aab4add97
CLIENT_HANDSHAKE_TRAFFIC_SECRET d9b36c748e5a9098e5d4ec6e6caab85510f689d2d0e5a8f6de329962818362d7 fff185e8e9e4b0694607ec178dd92c42a7f06397e8a7efe7d5d8065a245b387a
SERVER_HANDSHAKE_TRAFFIC_SECRET 38c820b784a3ade81c9b9c7bc39806d12181eba488e34128ca15d928648cef3b b924073c10f51a9ec2308f835fa9bb1b993ba899ac80dea8fca366c018157aa9
CLIENT_HANDSHAKE_TRAFFIC_SECRET 38c820b784a3ade81c9b9c7bc39806d12181eba488e34128ca15d928648cef3b 720e5f54a2bf5ff16d04a918ba202fdce359fd13228881ad99627a6bf3a60905
SERVER_TRAFFIC_SECRET_0 38c820b784a3ade81c9b9c7bc39806d12181eba488e34128ca15d928648cef3b 585dea2c87c122672187c6352b7c498235fcc2130ea276a7093e5b073848f08c
SERVER_HANDSHAKE_TRAFFIC_SECRET c0ed9a0908a1b0d19f17e2594f48a15a6db131a23058d81cc4e4ac7aec6dead1 09a743153a3295c57de50d863945a14807b438c55b3aefbf6ee8471bce6a30e8
CLIENT_HANDSHAKE_TRAFFIC_SECRET c0ed9a0908a1b0d19f17e2594f48a15a6db131a23058d81cc4e4ac7aec6dead1 5cf1b12fa5e33f1b0fc1b0f72d4652ba461d81fd7ce4b7fcd3a7868bc2ce7360
SERVER_HANDSHAKE_TRAFFIC_SECRET dc1762b7da23177a75c356903844dbde6ac48b3b777b63a8a3dcac6af668bc58 058d7a4942e21de242cbf48b9f229fae95523b42cb77473878373afd46aba4f8
CLIENT_HANDSHAKE_TRAFFIC_SECRET dc1762b7da23177a75c356903844dbde6ac48b3b777b63a8a3dcac6af668bc58 42227774a052ec6cdd366ae02aac6dbf3c0625265486a63c34cab79378e7bc99
SERVER_TRAFFIC_SECRET_0 d9b36c748e5a9098e5d4ec6e6caab85510f689d2d0e5a8f6de329962818362d7 7dc5e57b0527b41e551da8412408e0faefa7843a3531dd6eca8c8c63328a3ecd
CLIENT_TRAFFIC_SECRET_0 d9b36c748e5a9098e5d4ec6e6caab85510f689d2d0e5a8f6de329962818362d7 523faf939e30828ebe02803f3d1fc4201c7532c80b47df440dec6e7ee9278aa6
CLIENT_TRAFFIC_SECRET_0 38c820b784a3ade81c9b9c7bc39806d12181eba488e34128ca15d928648cef3b 5220b105bd80576c548842ed1a583890e1419e8c1963b7b4a058aa7d48a53646
SERVER_TRAFFIC_SECRET_0 dc1762b7da23177a75c356903844dbde6ac48b3b777b63a8a3dcac6af668bc58 b1928843bb32a2c678849821f5401b992ee19157072665a0c5b670084aca76c9
CLIENT_TRAFFIC_SECRET_0 dc1762b7da23177a75c356903844dbde6ac48b3b777b63a8a3dcac6af668bc58 c521625a43773247201b8fcf1402a5479b489087a2c2da5b6f13c2038b2b60c4
SERVER_TRAFFIC_SECRET_0 c0ed9a0908a1b0d19f17e2594f48a15a6db131a23058d81cc4e4ac7aec6dead1 1166b38393a1f4037e4de219b1726a575a9abd89e8c2e9246cffe38b51db0052
SERVER_HANDSHAKE_TRAFFIC_SECRET 3d471c9ba8f77ce8ba14311df9559eebd7f0348a53a785ccf6d6e4a1360cd94d 6bb97511deb9694b912346d30e6039427664e4083a41b74527abaec4443f5465
CLIENT_HANDSHAKE_TRAFFIC_SECRET 3d471c9ba8f77ce8ba14311df9559eebd7f0348a53a785ccf6d6e4a1360cd94d 533b4f23de58a0ef0b690e16b19378f8e617fb61ade71c3253601ca24ce72ab9
SERVER_HANDSHAKE_TRAFFIC_SECRET a2e47f13ba84ba8767fe01e3a0d1dcca4c0fa16089374fb1549f0fe0516fedbf 51ccbd4bfba9ae835c9b53a6a4f2e7e274a4c6da6a7c1926a119d081801663d4
CLIENT_HANDSHAKE_TRAFFIC_SECRET a2e47f13ba84ba8767fe01e3a0d1dcca4c0fa16089374fb1549f0fe0516fedbf 7afe681cca21f5d03e7837a1c92cedff4ea5599f0470b223e828aa12bf3d9553
CLIENT_TRAFFIC_SECRET_0 c0ed9a0908a1b0d19f17e2594f48a15a6db131a23058d81cc4e4ac7aec6dead1 bb84cb2b492368db315966ec3636178ef3aa03f11383d5aa5b5f95809c9f3284
SERVER_TRAFFIC_SECRET_0 a2e47f13ba84ba8767fe01e3a0d1dcca4c0fa16089374fb1549f0fe0516fedbf c087e83177a36250f97e9d3f7c37667c08dc4a3db927e65ce29ea6a116ed6118
CLIENT_TRAFFIC_SECRET_0 a2e47f13ba84ba8767fe01e3a0d1dcca4c0fa16089374fb1549f0fe0516fedbf 560c144c19719d07ef798f6aa42b909de730ca1c64885d89a8f169f034100392
SERVER_TRAFFIC_SECRET_0 3d471c9ba8f77ce8ba14311df9559eebd7f0348a53a785ccf6d6e4a1360cd94d 62399e0473e14323278b3513f9f355724f6e6bbc29870ba1cf7aeaeb8b1a1ab9
CLIENT_TRAFFIC_SECRET_0 3d471c9ba8f77ce8ba14311df9559eebd7f0348a53a785ccf6d6e4a1360cd94d 62152ea29eb6479cd631146ca57bf0f658b2e21a88dfe84c90a3ab5bfd61b93f
SERVER_HANDSHAKE_TRAFFIC_SECRET bef64e76aad22d4c78415bc100fbb040777d0e6708335ac32441e19fbfc94c5c 0d20f3ce26e5a3e09966db6cda5236d195bf1e20d2c249a487aaa313162329f3
CLIENT_HANDSHAKE_TRAFFIC_SECRET bef64e76aad22d4c78415bc100fbb040777d0e6708335ac32441e19fbfc94c5c 1963628c55005799c4057649ed3a7039e278d115e39f29e95c89319b958b1477
SERVER_HANDSHAKE_TRAFFIC_SECRET fb3065ec558aee273313286a78f0f128107d0fdfb9fa4b5f84b4188f6fb78036 faa98670032e9aa70befe74070b03852ffbda2a389bba8c35a2756fbef68a1f1
CLIENT_HANDSHAKE_TRAFFIC_SECRET fb3065ec558aee273313286a78f0f128107d0fdfb9fa4b5f84b4188f6fb78036 c9ec9d9a5b83c2663e420dc87e06e969049252231551221c824f946f4a458086
SERVER_TRAFFIC_SECRET_0 fb3065ec558aee273313286a78f0f128107d0fdfb9fa4b5f84b4188f6fb78036 f84e63ef0a6c547c89da43ab1acc02d450d52f72cc8bb7986121191bc61e62ae
SERVER_TRAFFIC_SECRET_0 bef64e76aad22d4c78415bc100fbb040777d0e6708335ac32441e19fbfc94c5c beac647613e1dcd5970028baf1b7c19c4bb95c7aa54ee665436e40279a39632a
CLIENT_TRAFFIC_SECRET_0 bef64e76aad22d4c78415bc100fbb040777d0e6708335ac32441e19fbfc94c5c a861952a96ae4425fa1078ee1e0fa67977ec4bb554c48bb118c7ea0848c1ace9
SERVER_HANDSHAKE_TRAFFIC_SECRET d29438ed30e05953293dc33d878ed8a4523461305ab345b7c1cefba13b843db7 88d9156451c9e890bc1c36b5ab68b00de17b70341e1eaefc58f8f0a29758db0f
CLIENT_HANDSHAKE_TRAFFIC_SECRET d29438ed30e05953293dc33d878ed8a4523461305ab345b7c1cefba13b843db7 64e809edbbcf6157cf1736578d31419aaeb9df4d781fcb081015ab53c33aaa9b
SERVER_HANDSHAKE_TRAFFIC_SECRET 9ebc854eb893e974b99a3b4fd1efd3cf4a8d729f9b2d97d95476d3173ae30a95 1b307ec29bae0c5fd4139c9ec3998db6a9ca924c57afcfdb1c677e4c62ebd8a5
CLIENT_HANDSHAKE_TRAFFIC_SECRET 9ebc854eb893e974b99a3b4fd1efd3cf4a8d729f9b2d97d95476d3173ae30a95 505e3ab13725913b04e3d73123427a597209e298874fb814a0d5627b0ed89d33
CLIENT_TRAFFIC_SECRET_0 fb3065ec558aee273313286a78f0f128107d0fdfb9fa4b5f84b4188f6fb78036 ce190d22848b0057571a9ec7fdcb5e87dd57e0d38126674bb599ff52a70b9f2e
SERVER_TRAFFIC_SECRET_0 9ebc854eb893e974b99a3b4fd1efd3cf4a8d729f9b2d97d95476d3173ae30a95 145ba537927322806ac1865944973dc12807284593555f6f329061935585a721
CLIENT_TRAFFIC_SECRET_0 9ebc854eb893e974b99a3b4fd1efd3cf4a8d729f9b2d97d95476d3173ae30a95 eda3ac51010f0b1ccd5e0faccc4dd5e054db6202743a8dcf40a68ade51e1e4c4
SERVER_TRAFFIC_SECRET_0 d29438ed30e05953293dc33d878ed8a4523461305ab345b7c1cefba13b843db7 7a69e8cf82da6cb05607f1593e3f8c744277b021b482229ed03c0f22b5be13b7
CLIENT_TRAFFIC_SECRET_0 d29438ed30e05953293dc33d878ed8a4523461305ab345b7c1cefba13b843db7 0a70f794e5ff8e58e45be70de32c723eb5889dece46a5649e69446ce40520951
SERVER_HANDSHAKE_TRAFFIC_SECRET c4580d2fc88869de06f9f664de2ca7c332c326746f17490464684ecbb0162381 9d4a9a52e34b56f9e6f2d2df619c9dc633b05303a073567e50434bd034723fd0
CLIENT_HANDSHAKE_TRAFFIC_SECRET c4580d2fc88869de06f9f664de2ca7c332c326746f17490464684ecbb0162381 d002aa814b440184ca3c8e47af57686270cdc19d732382ed86a715b2064b9b93
SERVER_HANDSHAKE_TRAFFIC_SECRET 34b8c976c962ddaf04971059a321e0fcdd5eed2f89796a12c5908be30bc619d2 5555bec170cd7b18e97d0591dfa4f73f7faf24c35db12ab2cc230b848b2ecdfb
CLIENT_HANDSHAKE_TRAFFIC_SECRET 34b8c976c962ddaf04971059a321e0fcdd5eed2f89796a12c5908be30bc619d2 e82bc6770ef1616770ba58819ccda63d497aa34fa9b4ac3db3310c499dd8ddbf
SERVER_TRAFFIC_SECRET_0 c4580d2fc88869de06f9f664de2ca7c332c326746f17490464684ecbb0162381 0fdfa2ec52648b1485b52b4c64ae030ad31435521cfbe5632f38f89c4a1f446a
CLIENT_TRAFFIC_SECRET_0 c4580d2fc88869de06f9f664de2ca7c332c326746f17490464684ecbb0162381 3ff5717dff9dae10fe8e5f625eeadc649fe953e6b989cc6a4d30452c35d3fd10
SERVER_HANDSHAKE_TRAFFIC_SECRET 57334b1e6e409b9ab9ab4350c60b2de5cc454628d69f66af935dbf5ecc4e9097 faccdd578f8c9827d1f71f2f845af86a082a0eda0d371a20b78e65fcdfe3fb74
CLIENT_HANDSHAKE_TRAFFIC_SECRET 57334b1e6e409b9ab9ab4350c60b2de5cc454628d69f66af935dbf5ecc4e9097 b9d34c4047e0f9ae8163a66a0e72917355103509da272d44dac9c820f4a569d5
SERVER_TRAFFIC_SECRET_0 34b8c976c962ddaf04971059a321e0fcdd5eed2f89796a12c5908be30bc619d2 41971bdbf0d91d5c5d343db977aacd448bc7faa2e11f83702552d33146cbf6f5
CLIENT_TRAFFIC_SECRET_0 34b8c976c962ddaf04971059a321e0fcdd5eed2f89796a12c5908be30bc619d2 34e79d2be93ba01e48d34f471c18902942e4f6f00dffc98f0b7087f0e02318c8
SERVER_TRAFFIC_SECRET_0 57334b1e6e409b9ab9ab4350c60b2de5cc454628d69f66af935dbf5ecc4e9097 ef0a18712b4686e35ba1b12138663c0f6bb7e2b6b338b25bb50c10611b581342
CLIENT_TRAFFIC_SECRET_0 57334b1e6e409b9ab9ab4350c60b2de5cc454628d69f66af935dbf5ecc4e9097 00567389746152991de2023e8d524605b133a685e4d1e73f69b52f09ec126ecf
SERVER_HANDSHAKE_TRAFFIC_SECRET 02f2c1f92b6998d69d9d8ab5fa22dd6e4a9fbd7aff1d79bc768d076a848ba07e 7c2cd2e25919caaf62b6578692bf8fbda15a6b25661f49a3f1d6f233be0edd9b
CLIENT_HANDSHAKE_TRAFFIC_SECRET 02f2c1f92b6998d69d9d8ab5fa22dd6e4a9fbd7aff1d79bc768d076a848ba07e ca09e1c074e83b5d6601757f7816009e8bf13c609f8bdff3245c6ae2b023745d
SERVER_HANDSHAKE_TRAFFIC_SECRET 3a374e93a129847e8f0b8781c3bc6b6b95c095b636aa643b8f95bc7a373902e3 7eee070476113d0bd7b24a83f7cde3e7cbef1660cff14c8ac58edf6cc2c23e2e
CLIENT_HANDSHAKE_TRAFFIC_SECRET 3a374e93a129847e8f0b8781c3bc6b6b95c095b636aa643b8f95bc7a373902e3 ed567318ed146cd3f39bc09657a037e6a1856ed5a1287c07b8cccfa7f3ca41ba
SERVER_TRAFFIC_SECRET_0 3a374e93a129847e8f0b8781c3bc6b6b95c095b636aa643b8f95bc7a373902e3 75991293d25229ab1dfe5df4567ba9595b5aaaf45bc34a460ae3b6894804f615
CLIENT_TRAFFIC_SECRET_0 3a374e93a129847e8f0b8781c3bc6b6b95c095b636aa643b8f95bc7a373902e3 66b3aa0118407b44f5c49d6c26da1329a267f2ec7b2990a4ead3f9c3bfa48fe8
SERVER_TRAFFIC_SECRET_0 02f2c1f92b6998d69d9d8ab5fa22dd6e4a9fbd7aff1d79bc768d076a848ba07e 1a130f41f2eacaa9adde9f38b6c6f4ceb30d7a95f54184babb23735d947bc38d
CLIENT_TRAFFIC_SECRET_0 02f2c1f92b6998d69d9d8ab5fa22dd6e4a9fbd7aff1d79bc768d076a848ba07e 33196c4ba9bec91a609b02d50d6bb860fbbffb529f138fabb55c8996586bf312
SERVER_HANDSHAKE_TRAFFIC_SECRET 8a117fbe980822ca45c64ea80ebbe29820dba11ac9f0f3eda0c41dd65224af58 eb10768a1e874866b9e8df1fefa00c6ed7aa2bcf554bc8f640e3270006bbe1e1
CLIENT_HANDSHAKE_TRAFFIC_SECRET 8a117fbe980822ca45c64ea80ebbe29820dba11ac9f0f3eda0c41dd65224af58 e1601156a58cf189e64932a0533567e798923d0d9644f3d0f8313b8001f9aee7
SERVER_HANDSHAKE_TRAFFIC_SECRET acb3dac81a0f454fd882d659881554aca61b41d68dce121a0c9cd8f737d8b7c2 f19d972d52524f65865a786747930bcf3259c827bd30c93d5215984f439fba2f
CLIENT_HANDSHAKE_TRAFFIC_SECRET acb3dac81a0f454fd882d659881554aca61b41d68dce121a0c9cd8f737d8b7c2 714ae83871952a71f2dd1cd7bbcbea9d7909cf9ff383ecd65c83e8668a4f7b00
SERVER_HANDSHAKE_TRAFFIC_SECRET d6cd8226cc7f06eb9cfbad75fd1219082adac01bb79dd7a58134a6623090a603 5130f8d0614c4b8f9e5f5bef13217d91b6d601e64864d9a71a8f30c6f9dcea92
SERVER_TRAFFIC_SECRET_0 8a117fbe980822ca45c64ea80ebbe29820dba11ac9f0f3eda0c41dd65224af58 ceb76456a5f28f685fc89fcffb83918579c5b1d20bc18657cb3078c5edd5c009
CLIENT_HANDSHAKE_TRAFFIC_SECRET d6cd8226cc7f06eb9cfbad75fd1219082adac01bb79dd7a58134a6623090a603 07204b35491997a7c4ef432ae6495da5713d262df7e63351ca05b248145e4c82
SERVER_HANDSHAKE_TRAFFIC_SECRET 280818284d7ac47ca9327258386990d0a88e6f05ab062c51e3cf5f6ebfae17ee 3b8e5483539352c79b07ed2f0594dc67e5e18a5a598cd4cc9456a0eac0b7e0c6
CLIENT_HANDSHAKE_TRAFFIC_SECRET 280818284d7ac47ca9327258386990d0a88e6f05ab062c51e3cf5f6ebfae17ee 51eebbdfcc22fb0571ebf63632326a869383b67e2f4f0fd0e61c997f68c58425
CLIENT_TRAFFIC_SECRET_0 8a117fbe980822ca45c64ea80ebbe29820dba11ac9f0f3eda0c41dd65224af58 f50aac656f3189d6d3ef419f810b1b8ef352333d783db1d88643eb2213bba520
SERVER_TRAFFIC_SECRET_0 acb3dac81a0f454fd882d659881554aca61b41d68dce121a0c9cd8f737d8b7c2 cbd8fdadedf8829597da6301918e18cf262e375688f78ff9d5e92509a79f2fce
CLIENT_TRAFFIC_SECRET_0 acb3dac81a0f454fd882d659881554aca61b41d68dce121a0c9cd8f737d8b7c2 137c37d373a77384c3a5dde8c9f5a4f9f10118650a4ad99f50ce88681ea0a54f
SERVER_TRAFFIC_SECRET_0 d6cd8226cc7f06eb9cfbad75fd1219082adac01bb79dd7a58134a6623090a603 226ef6d829a23da22a8e3d4d62cb1f1a94128215cb705535bd03c788cd1f90fc
SERVER_HANDSHAKE_TRAFFIC_SECRET 68fb0de6caa098de9e12bb1752affd67f5897027a0fc7b8fce6e7ebe49c2b44b 288dc931ab8addc278297a7b81004d3014a968951b507c375485860fb384fa50
CLIENT_HANDSHAKE_TRAFFIC_SECRET 68fb0de6caa098de9e12bb1752affd67f5897027a0fc7b8fce6e7ebe49c2b44b eea83e9fe4a0d21f7e0f34308f5a25a47980747ff4e1fb00d2349f6da3561033
SERVER_TRAFFIC_SECRET_0 68fb0de6caa098de9e12bb1752affd67f5897027a0fc7b8fce6e7ebe49c2b44b db3acc532fc27786b00425263d98f8dc45fc6a09cd1205f534378fadaba07767
CLIENT_TRAFFIC_SECRET_0 68fb0de6caa098de9e12bb1752affd67f5897027a0fc7b8fce6e7ebe49c2b44b 877ce90e8ccb2861f35d03e2e671dd60cad1763a1a7c7f2cfefa4b1a8a4fa34f
CLIENT_TRAFFIC_SECRET_0 d6cd8226cc7f06eb9cfbad75fd1219082adac01bb79dd7a58134a6623090a603 f656e0b611e3e5e507a274b6a43c71363cef661240dbe78f9878cb206c645e2c
SERVER_TRAFFIC_SECRET_0 280818284d7ac47ca9327258386990d0a88e6f05ab062c51e3cf5f6ebfae17ee 6c2ce126d660a09b69f60c6248377232627125c6f9cb81fc7e36d30b56eb6e49
CLIENT_TRAFFIC_SECRET_0 280818284d7ac47ca9327258386990d0a88e6f05ab062c51e3cf5f6ebfae17ee 55daf18a49ce74267acec3ac9bdda6cb849170fc2f5ba9b55fc17c940e73b295
SERVER_HANDSHAKE_TRAFFIC_SECRET 21c77a7d9fb6d80e6c79ee56db8ad760086e6910361d8ebd382fc5316f548355 dbf8d500f0249c72557a5d2b2675c4a224a2cf756e43c5db7a206e08d10d0ba6
CLIENT_HANDSHAKE_TRAFFIC_SECRET 21c77a7d9fb6d80e6c79ee56db8ad760086e6910361d8ebd382fc5316f548355 51b0999825ce64b5a5c57ad9839221184d8472b2af34cdac00c217f680bb0820
SERVER_HANDSHAKE_TRAFFIC_SECRET bb6103ebbe74217feb2aed4d7590d8eaf955e3d1a3fcd52cecc55e8f20483ce1 308fb011b3cd7667a79e17009bc7e5f51f299261fb4483e0a042c80e9a3bbc54
CLIENT_HANDSHAKE_TRAFFIC_SECRET bb6103ebbe74217feb2aed4d7590d8eaf955e3d1a3fcd52cecc55e8f20483ce1 b4cceff9895f72c57b80905b875386ce103feddd705d8d7418f96c31fe2351f6
SERVER_TRAFFIC_SECRET_0 bb6103ebbe74217feb2aed4d7590d8eaf955e3d1a3fcd52cecc55e8f20483ce1 1da10de778d4e43ca116fc38dd915b0b2368673d6a2cedd3e724946548f1f4cd
CLIENT_TRAFFIC_SECRET_0 bb6103ebbe74217feb2aed4d7590d8eaf955e3d1a3fcd52cecc55e8f20483ce1 dec27b26a5afc47399ff09e5cf2047a42915b9540be4926e0137dffbc824460d
SERVER_TRAFFIC_SECRET_0 21c77a7d9fb6d80e6c79ee56db8ad760086e6910361d8ebd382fc5316f548355 37fa992cbed26ca1447b4d6a8c49c6f449e0adfe277f6e73c7ba729a1d2aa2c9
CLIENT_TRAFFIC_SECRET_0 21c77a7d9fb6d80e6c79ee56db8ad760086e6910361d8ebd382fc5316f548355 9723141d80725f2527ee5da283244c4061c3ed6765944603d8296368cef4bb8d
SERVER_HANDSHAKE_TRAFFIC_SECRET 6b96ef2289959d955b75aec8cf78686d73a12f8df43ba5ba7ef1b2f6d2a2535f e0fa9c51f0c5b4d6d5e6e57a04163eb23256c68dc3d9b9547333f2a0a09d22ca
CLIENT_HANDSHAKE_TRAFFIC_SECRET 6b96ef2289959d955b75aec8cf78686d73a12f8df43ba5ba7ef1b2f6d2a2535f d56dfee799f44b48716feff6f7e6ef887accf58e3dff9fef2810c1cb0c9ce073
SERVER_TRAFFIC_SECRET_0 6b96ef2289959d955b75aec8cf78686d73a12f8df43ba5ba7ef1b2f6d2a2535f 8e0fdb43b94a6fbeea8133c6e2003cbd3d6515ff0f9c32f1a673fa010d9605e8
CLIENT_TRAFFIC_SECRET_0 6b96ef2289959d955b75aec8cf78686d73a12f8df43ba5ba7ef1b2f6d2a2535f 30f51b904e1c02d13a5b21dce15271d69dcfa6ed3a0c65a255638be11c583c83
SERVER_HANDSHAKE_TRAFFIC_SECRET b6e2d530e80c9c2669466bd4355aea405ff834be1fed77f78c62da04ffbd2482 096c56c21e86ea7bd6de3b7a02616ff40b70cdbf79674f0c2c65f85392ef44f4
SERVER_HANDSHAKE_TRAFFIC_SECRET 6e2746d5b63b0a9b19cc4fb5af3922329b7e64d1ee91473fb5ba5d450cafaa18 5a31bde29ad2b95b4586baef6eb8fae72a40abc87fc2596274957b1e393dca26
CLIENT_HANDSHAKE_TRAFFIC_SECRET 6e2746d5b63b0a9b19cc4fb5af3922329b7e64d1ee91473fb5ba5d450cafaa18 17fe5576f0c187edf8042934d315e85a3293d5002674cc48939a18ce90d9040e
CLIENT_HANDSHAKE_TRAFFIC_SECRET b6e2d530e80c9c2669466bd4355aea405ff834be1fed77f78c62da04ffbd2482 a7dde3f35ea0c11f79446030aa469ae3877c5ff4f7296bbf0cb5d125cef60306
SERVER_HANDSHAKE_TRAFFIC_SECRET 74d96e95feb60e982cd6be902062dc5e8523850e8eaa4ae833d256435c1b0f58 b86fdb980810c076c606abb2034f6f43719ee3698b7395e337c79099e658863f
CLIENT_HANDSHAKE_TRAFFIC_SECRET 74d96e95feb60e982cd6be902062dc5e8523850e8eaa4ae833d256435c1b0f58 919a5229f8b10e9ab090bdcb92b1da104ae62dd040515a99ec126a79a694bae0
SERVER_TRAFFIC_SECRET_0 6e2746d5b63b0a9b19cc4fb5af3922329b7e64d1ee91473fb5ba5d450cafaa18 ffd072e36ba6930c271e67c0543815fc195b07e5eba39e0f24d4be4f472bc58b
CLIENT_TRAFFIC_SECRET_0 6e2746d5b63b0a9b19cc4fb5af3922329b7e64d1ee91473fb5ba5d450cafaa18 a02c257b285438cfe5d8249f3a1cf06a0cbf49e4ccc9ea6c7ef8f90f277b5a39
SERVER_HANDSHAKE_TRAFFIC_SECRET 68e750e809c14d80bd33869707f2c500af2399ce384ceabbeeae460989c4ca19 2d11bb31951754912c5bab2da37cab02606ff4951070ad5eaa8cafb3e9815399
SERVER_HANDSHAKE_TRAFFIC_SECRET 7d9fe3e0110dffe6d21b2db0a7bfc5da8fb21526e3e93d68f5e1c8988bb9495e 280a3c18d8e928b80ba8f59e5bf986e68a42d9b4c27854fad1c3c07a7ec3f129
CLIENT_HANDSHAKE_TRAFFIC_SECRET 7d9fe3e0110dffe6d21b2db0a7bfc5da8fb21526e3e93d68f5e1c8988bb9495e a076c996a1fd49fa14cd732616b5032de817a4058605291732460695018cdaea
CLIENT_HANDSHAKE_TRAFFIC_SECRET 68e750e809c14d80bd33869707f2c500af2399ce384ceabbeeae460989c4ca19 91f8ff8e86afa4e50d02a695cf9aa4639ac80bd466148767a2589274e6b66667
SERVER_TRAFFIC_SECRET_0 68e750e809c14d80bd33869707f2c500af2399ce384ceabbeeae460989c4ca19 c6469a7442535542a55aea17854af34b7e187c386e4f4da8baf1c403ac88d12c
SERVER_TRAFFIC_SECRET_0 7d9fe3e0110dffe6d21b2db0a7bfc5da8fb21526e3e93d68f5e1c8988bb9495e aa121f5300aadcba39b02e99a33430368d95486ed7ae14cd6ada3630264dd33c
CLIENT_TRAFFIC_SECRET_0 68e750e809c14d80bd33869707f2c500af2399ce384ceabbeeae460989c4ca19 0e9a834e97de3b5658f01057d498d50ef68341245320a5781af53682d7909084
CLIENT_TRAFFIC_SECRET_0 7d9fe3e0110dffe6d21b2db0a7bfc5da8fb21526e3e93d68f5e1c8988bb9495e 9a6bfb137a202ac6820e4e11916adc0b9a739e171d932a6b8a3f028b3497ec0a
SERVER_TRAFFIC_SECRET_0 b6e2d530e80c9c2669466bd4355aea405ff834be1fed77f78c62da04ffbd2482 90a7bcabac431a9de8bacc4008f9ba75f209edbb0214327a158dd6a0b9998faa
SERVER_TRAFFIC_SECRET_0 74d96e95feb60e982cd6be902062dc5e8523850e8eaa4ae833d256435c1b0f58 f79d52426e806f2fbb9836462096b3148eed1af1d24c37fc4b3130b367d1c1b6
CLIENT_TRAFFIC_SECRET_0 74d96e95feb60e982cd6be902062dc5e8523850e8eaa4ae833d256435c1b0f58 23c782e1ec15611e27fe52951dd4bcb403f5a6ae1922cb05ac47e68ed40f8217
CLIENT_TRAFFIC_SECRET_0 b6e2d530e80c9c2669466bd4355aea405ff834be1fed77f78c62da04ffbd2482 4b886b30b4f26f951a5bcf76a49c5905a17efd62d282b616c3be9e64fbf9068e
SERVER_HANDSHAKE_TRAFFIC_SECRET e9c59f96bf37773adc742ec778ab513b077b5c1687f1a78ef20c9d7d740a2814 ded76d51d6482dfa4c4ed0271d8ad7f6359f887cd4d5c29f8ce98e5ee5c99334
CLIENT_HANDSHAKE_TRAFFIC_SECRET e9c59f96bf37773adc742ec778ab513b077b5c1687f1a78ef20c9d7d740a2814 2f3f04524aa341ba102c7c2a40c278c6a6a2b1fe28323348be2c65888c6480fc
SERVER_TRAFFIC_SECRET_0 e9c59f96bf37773adc742ec778ab513b077b5c1687f1a78ef20c9d7d740a2814 cef523078cf972cbea6f81ae9dd493a93bd840ec0e200954dde70c07056dd687
CLIENT_TRAFFIC_SECRET_0 e9c59f96bf37773adc742ec778ab513b077b5c1687f1a78ef20c9d7d740a2814 2020bae794fa14268b54289fb5307cef49b85964c65c3e0e7c84daa5a2f79567
SERVER_HANDSHAKE_TRAFFIC_SECRET 6b6e05d38d6a3430fd05cddcb7e44bdf257b1e818d18a7e919fda878affcac8c 328cb255ad919378d25980970c9ed864e158fe5cfd8ec4c3d24f8320efb24b00
CLIENT_HANDSHAKE_TRAFFIC_SECRET 6b6e05d38d6a3430fd05cddcb7e44bdf257b1e818d18a7e919fda878affcac8c a20a692ad934d1c5309d42e1dbfd4ceea2993814a0c0ce04120871cea29343cf
SERVER_TRAFFIC_SECRET_0 6b6e05d38d6a3430fd05cddcb7e44bdf257b1e818d18a7e919fda878affcac8c 51d96059099e30c02481c9cbbc9b835de9c0eb4782ff876811a3919ed2066fbe
CLIENT_TRAFFIC_SECRET_0 6b6e05d38d6a3430fd05cddcb7e44bdf257b1e818d18a7e919fda878affcac8c 63352f114b4e40b852aa97b5b5644cd6d0a24479d78d32b8fb19c097692659e8
SERVER_HANDSHAKE_TRAFFIC_SECRET 6bfdc47f02c396ddea77351849d7dba6de20f0ddc2d6acdff64ba00dec2d06dd 07c76280c76b2b02a26e441d3442cf05b0cf48b9e35c23c3e23e52c164d29f6c
CLIENT_HANDSHAKE_TRAFFIC_SECRET 6bfdc47f02c396ddea77351849d7dba6de20f0ddc2d6acdff64ba00dec2d06dd e9daa10466256c8e4294ebfc7ae49aea8e79d4caf6dba47d478a45ad29330995
SERVER_HANDSHAKE_TRAFFIC_SECRET c41602bfd318f786b24d53261a0a6bea224a1a462f6fc92df31071babdbf0447 d226a901c4648d2472509307114d5ea376e874196f5fede1b2abe4a91715558f
SERVER_HANDSHAKE_TRAFFIC_SECRET 58d231ea7159a7aca390b27e431e1992d7df3c0a251d449a3f2d7ad220986cc8 125b3398238222e21e010f22d20b7b893593b492d49b9e51c54858dddaac761e
SERVER_HANDSHAKE_TRAFFIC_SECRET 806344f5740d0f9c6b7aa5f7e94e41c0153ac692291a287031d216b62d9b9f43 831b1878b3c3838f496f3c302ddada94d518f830248b69fbba4e39bdc612cf55
CLIENT_HANDSHAKE_TRAFFIC_SECRET 806344f5740d0f9c6b7aa5f7e94e41c0153ac692291a287031d216b62d9b9f43 5062f7539b6020a61eb360e5bb6e238c6c5b2b01a7141427d0a3885911acf080
CLIENT_HANDSHAKE_TRAFFIC_SECRET 58d231ea7159a7aca390b27e431e1992d7df3c0a251d449a3f2d7ad220986cc8 802e0429f23a7a203b65449b4363fbf77ab376ddf6f3739f9b35b25b259abe38
SERVER_TRAFFIC_SECRET_0 806344f5740d0f9c6b7aa5f7e94e41c0153ac692291a287031d216b62d9b9f43 4005341730b88fbd94b1d73e6709a928b35923ef23771b926aad80e2e512bfd2
CLIENT_TRAFFIC_SECRET_0 806344f5740d0f9c6b7aa5f7e94e41c0153ac692291a287031d216b62d9b9f43 95c34fa66a8f8ad3c4dfac44377596b1e332b0a731cb73a903f82fb2350e790f
CLIENT_HANDSHAKE_TRAFFIC_SECRET c41602bfd318f786b24d53261a0a6bea224a1a462f6fc92df31071babdbf0447 5a66079aad2c94a6da2a08106316227b7236a9d33dc8a8a0251368e0a3638274
SERVER_TRAFFIC_SECRET_0 58d231ea7159a7aca390b27e431e1992d7df3c0a251d449a3f2d7ad220986cc8 9f14ec6e55096d309c440c6ddfe8311b7d980d7588ec3982bbefcdbe53a1c083
CLIENT_TRAFFIC_SECRET_0 58d231ea7159a7aca390b27e431e1992d7df3c0a251d449a3f2d7ad220986cc8 894ea29d8cc74a6abc8f781022694af34b7f73e2520946710d439ad5606a5ad4
SERVER_TRAFFIC_SECRET_0 c41602bfd318f786b24d53261a0a6bea224a1a462f6fc92df31071babdbf0447 96f788ffa71c0238819f61fa7cf0f70a4a2f9869242a3dcc5ac19bc18c90c712
SERVER_HANDSHAKE_TRAFFIC_SECRET c89fec244822aa25e9ccf088cb9d2f97a2c18100fd5cfeae5f74bb3ff30870b4 01aef6517b7eac0d9b56cd548779e4288a3f22e8a78b246f04141a0c1d4f2731
CLIENT_HANDSHAKE_TRAFFIC_SECRET c89fec244822aa25e9ccf088cb9d2f97a2c18100fd5cfeae5f74bb3ff30870b4 bd5f90a11317779b338a6d91e20fb3c28a2ba5a6db479bbc7d2e18c0f74a6da2
SERVER_TRAFFIC_SECRET_0 c89fec244822aa25e9ccf088cb9d2f97a2c18100fd5cfeae5f74bb3ff30870b4 551e7e00cf8dbe3bdd657f04744f9f57daa9a6212b4b437ddf34a380c94ab23b
SERVER_HANDSHAKE_TRAFFIC_SECRET e538ce8b9166d84aafd57b5be8d36819923d1a1664451cde6bbf100347edd17d cfbf8546aebd7790e10d892dd40ee6be552ff954e0b976eca4857b6a8a86427d
CLIENT_HANDSHAKE_TRAFFIC_SECRET e538ce8b9166d84aafd57b5be8d36819923d1a1664451cde6bbf100347edd17d 08ff1bdbdaa3af49ca6a9da9cfd307db66f9aaaa7b82a9204c99b0a7aad61102
CLIENT_TRAFFIC_SECRET_0 c41602bfd318f786b24d53261a0a6bea224a1a462f6fc92df31071babdbf0447 41d77cc257acf09026bfa6842219bb591f221a5428931d55420d624d4c43e106
SERVER_HANDSHAKE_TRAFFIC_SECRET f1cf6cb55304a332b83431ec2230957d98f154d81121dc3b13ceab1740532847 498c28950b8416058698f488a75ccf2062b636d4e56d9ae271be403f09f4751c
CLIENT_HANDSHAKE_TRAFFIC_SECRET f1cf6cb55304a332b83431ec2230957d98f154d81121dc3b13ceab1740532847 ecae825f79f9b8fdccaeaa2e19421dcd0efcfe7d19bd23d5eb7635433851d0e3
SERVER_TRAFFIC_SECRET_0 6bfdc47f02c396ddea77351849d7dba6de20f0ddc2d6acdff64ba00dec2d06dd 1ee1339b9c385dd06b856c055035f59b39fbc79c0d9929d3a2405144942d8680
CLIENT_TRAFFIC_SECRET_0 6bfdc47f02c396ddea77351849d7dba6de20f0ddc2d6acdff64ba00dec2d06dd 6ff8fdff873b0cc23881aa182d4b8ce210de51f4513bd7784820f8e2faa3af35
SERVER_TRAFFIC_SECRET_0 f1cf6cb55304a332b83431ec2230957d98f154d81121dc3b13ceab1740532847 43660b41941a0fc23023269e14efdf727d3d4fb5271214e641febf6ec4b317ee
CLIENT_TRAFFIC_SECRET_0 f1cf6cb55304a332b83431ec2230957d98f154d81121dc3b13ceab1740532847 1c9548bdf2181df24d1078dd751deb21ac51749d89a986edf7a6dd20915a72f5
SERVER_TRAFFIC_SECRET_0 e538ce8b9166d84aafd57b5be8d36819923d1a1664451cde6bbf100347edd17d a8df7cbc8d6abf80252e24aeb543df4663a1204b29a2d96d69eb0e39ef1c7129
SERVER_HANDSHAKE_TRAFFIC_SECRET c86c0e9b1f8a8c762511b5725840598f5e416ed337af11bf7ab479351d12af36 982c0c1ff23ddf60f8bb54f2504fd57c3f8370a470e047b165e224bc03e8ad1f
CLIENT_HANDSHAKE_TRAFFIC_SECRET c86c0e9b1f8a8c762511b5725840598f5e416ed337af11bf7ab479351d12af36 a8fac9ec2149fea081661964770ed646419dd3a3a90015bef90c7e46654189c3
SERVER_TRAFFIC_SECRET_0 c86c0e9b1f8a8c762511b5725840598f5e416ed337af11bf7ab479351d12af36 c6d40183be08ba195ce9b0e0e6ecf63ecbaa71147fa0ab5adacd38492d5a573a
CLIENT_TRAFFIC_SECRET_0 c86c0e9b1f8a8c762511b5725840598f5e416ed337af11bf7ab479351d12af36 4fdae6c46cebb911f5b25e2ce94f3973c612008b61df35a3726811e71715c0c0
SERVER_HANDSHAKE_TRAFFIC_SECRET 9d2cf1f2b9a78cf5ec041010e9b4336116cfd30538d92c5419560ce5b6f58518 e6ca3962a1c876dcdaaf457834ae93d16f13ab135c8fa0e7d5faf62312c6291b
SERVER_HANDSHAKE_TRAFFIC_SECRET e76ec5b87efd4c231903b39c6282352f73b7225b527688820e3472ff661e276b 5788431dc66236765076866edb24dd7855c923f8884afaa2a084a3c3a1057a8d
CLIENT_HANDSHAKE_TRAFFIC_SECRET 9d2cf1f2b9a78cf5ec041010e9b4336116cfd30538d92c5419560ce5b6f58518 bf0f1cdece98a02e326015ce5c3c9290cd1ca7582dc04fbb602ce9c8381474d4
CLIENT_HANDSHAKE_TRAFFIC_SECRET e76ec5b87efd4c231903b39c6282352f73b7225b527688820e3472ff661e276b bcfdbad43aa7ce10272e302badea7dc8b477d77d13f6055b99a7898c0a03db16
SERVER_TRAFFIC_SECRET_0 e76ec5b87efd4c231903b39c6282352f73b7225b527688820e3472ff661e276b 1625e763bd9d999c6725a6b498388b4650e929119f52a4cd6d92fcb0b3db5a63
SERVER_TRAFFIC_SECRET_0 9d2cf1f2b9a78cf5ec041010e9b4336116cfd30538d92c5419560ce5b6f58518 077076a56f7eb11db7d29ea8a0433b57e233464720b2271777b2bb0646f01549
CLIENT_TRAFFIC_SECRET_0 e76ec5b87efd4c231903b39c6282352f73b7225b527688820e3472ff661e276b dfb7f7f792abdb5d5cd8290c14c241b5cd5a11d191ef2ea6666b8f6d0e8601b5
CLIENT_TRAFFIC_SECRET_0 9d2cf1f2b9a78cf5ec041010e9b4336116cfd30538d92c5419560ce5b6f58518 ceffa74f6428cc50f3a0994dc72cf1e36e0518fcd1978997d5e99fa6ccc1db8a
CLIENT_TRAFFIC_SECRET_0 c89fec244822aa25e9ccf088cb9d2f97a2c18100fd5cfeae5f74bb3ff30870b4 d56e8036c687cc4c05029d7897bfbc0d8c6aa205d2dc59f30813bd9d76c62780
SERVER_HANDSHAKE_TRAFFIC_SECRET 1398240c3baa97ecb0813217f5fffc06c697ee6c8d7e5bc271646402674d89e9 19a7820666b840464e5c6e4574d750256b7f96cb2b7d0c2c700bcfa062c69ec4
CLIENT_HANDSHAKE_TRAFFIC_SECRET 1398240c3baa97ecb0813217f5fffc06c697ee6c8d7e5bc271646402674d89e9 a1cb47d46144e0d4469728ec33f418cb814700aa339c245f58f3aef24ec5718a
CLIENT_TRAFFIC_SECRET_0 e538ce8b9166d84aafd57b5be8d36819923d1a1664451cde6bbf100347edd17d 1c6e1a7ed0d30e1135c93c7c052edf9a99ba8d21283498654efff7027495fba9
SERVER_TRAFFIC_SECRET_0 1398240c3baa97ecb0813217f5fffc06c697ee6c8d7e5bc271646402674d89e9 25012039507810270779c1a67a5386cbfd4498e3da1a2d6f4dbc1047317a6483
CLIENT_TRAFFIC_SECRET_0 1398240c3baa97ecb0813217f5fffc06c697ee6c8d7e5bc271646402674d89e9 a7b104adfd48252a2ec427b3ecaff8070866f686e32101e0fc726a4bfcb41bcc
SERVER_HANDSHAKE_TRAFFIC_SECRET aeb395766bb1307179745c5b8432e658ec5830b802cccf2ad682018cc72aec57 103a004a2cffae4cb7f173fdf8d68af2b09986d0f85518bd5a7924deec629bfb
CLIENT_HANDSHAKE_TRAFFIC_SECRET aeb395766bb1307179745c5b8432e658ec5830b802cccf2ad682018cc72aec57 7cd4c9f62273c529a294b9b95b31364117e7b048d13d674bcbf003262f46da4b
SERVER_TRAFFIC_SECRET_0 aeb395766bb1307179745c5b8432e658ec5830b802cccf2ad682018cc72aec57 7c47d72ef69f2b9e1b18484848bb0bf9f28a74ce1cba1c37537a4a5474954d2e
CLIENT_TRAFFIC_SECRET_0 aeb395766bb1307179745c5b8432e658ec5830b802cccf2ad682018cc72aec57 e51c3b2bc10f120c46139f9782e87a9e06d572e74e46a40924b958b7c5e7ba72
SERVER_HANDSHAKE_TRAFFIC_SECRET db6fa5a49ccc6ac576c26fb820729dfc77269dc8f8356a202287e7757dc97c59 059a8e847efb132093a1ff0b11eaa8eea9beab03ee808b9fcc764fb2b0a774a4
CLIENT_HANDSHAKE_TRAFFIC_SECRET db6fa5a49ccc6ac576c26fb820729dfc77269dc8f8356a202287e7757dc97c59 cba44541fc5e56c89f20e44229b9c4c6813d8a07d9420bcb40ce86b391679bf4
SERVER_TRAFFIC_SECRET_0 db6fa5a49ccc6ac576c26fb820729dfc77269dc8f8356a202287e7757dc97c59 20483c6eaee1b41e69ee93dbe963251adef292d62ddfa93a622955bd937b5664
CLIENT_TRAFFIC_SECRET_0 db6fa5a49ccc6ac576c26fb820729dfc77269dc8f8356a202287e7757dc97c59 0e23db91c29000e9e223e8d11373651dd21cc0e964bf26077518365346f60c0f
SERVER_HANDSHAKE_TRAFFIC_SECRET e7da431d8f408534aa6c279e35494509b848947862ddea65b4ca18b11bd01da7 29d18279c05f883938259cccbd130621f2e5b4332f62c8fd1260dfdd05cb3586
CLIENT_HANDSHAKE_TRAFFIC_SECRET e7da431d8f408534aa6c279e35494509b848947862ddea65b4ca18b11bd01da7 13a3f1c60d390e38676b0a65a74343e478954b59a9971f3b877761a5b26c035f
SERVER_HANDSHAKE_TRAFFIC_SECRET 66196684e0494e12467977ac91794c8537aaa17d889e21129af5002283064696 186067388fd8a855204a4bb83e333877ba71048b59a50b17de722760a9e2d7d0
CLIENT_HANDSHAKE_TRAFFIC_SECRET 66196684e0494e12467977ac91794c8537aaa17d889e21129af5002283064696 bf87910756e06e8ddf31c64ca9240f61d3fcacf62bce6ad53f091d5f181a8d91
SERVER_HANDSHAKE_TRAFFIC_SECRET c9227e5f3db16646020e5467dbb405e39acb7ac32e33dde308f66ac1fedcefb1 d645474c81c5cd50f86a4d79630f8f1354e28e8f286e13d5f9705053ea6ffd98
CLIENT_HANDSHAKE_TRAFFIC_SECRET c9227e5f3db16646020e5467dbb405e39acb7ac32e33dde308f66ac1fedcefb1 f489ee7e33f4ee950a58dcebecd2c54cf1ad44ceab37039ac620cedf10b45368
SERVER_HANDSHAKE_TRAFFIC_SECRET 33b3af6102c85c2d745dc62f458a984b7ad126bafa5a61254729569cccefeab1 ea5360978823307689dff049035b8a00ed16487a5a307cd0679f878ddbd9a8fd
CLIENT_HANDSHAKE_TRAFFIC_SECRET 33b3af6102c85c2d745dc62f458a984b7ad126bafa5a61254729569cccefeab1 c627b19dbcb390287f10dfe5783199f6aacf83c7ded1468a39f6afca49d4c278
SERVER_HANDSHAKE_TRAFFIC_SECRET 12cfa54ec65ded42a6eac32db65f78535b3ac235cd31c1ff618f458bfa3c0527 3f14c0d493b3c1620a7360ba24967eb23631fcea07a397b2f82176cd6446f5b9
CLIENT_HANDSHAKE_TRAFFIC_SECRET 12cfa54ec65ded42a6eac32db65f78535b3ac235cd31c1ff618f458bfa3c0527 4f81e8d27de6ea161cda8cdcad8f9088fda6b42d72845699ba69f61cee11f267
SERVER_TRAFFIC_SECRET_0 33b3af6102c85c2d745dc62f458a984b7ad126bafa5a61254729569cccefeab1 68fa626f33d6939292428a30f2766d7d0e7d62f20902963d77af7b3d258738dc
CLIENT_TRAFFIC_SECRET_0 33b3af6102c85c2d745dc62f458a984b7ad126bafa5a61254729569cccefeab1 2db835f3d288e0290f52314e25998313d0cfdeb91e109f07f999f2ca150e08fe
SERVER_TRAFFIC_SECRET_0 c9227e5f3db16646020e5467dbb405e39acb7ac32e33dde308f66ac1fedcefb1 2e140c4ee920eddc86347af5ddde5812a78c035cb693da7fe21e19242a59302e
CLIENT_TRAFFIC_SECRET_0 c9227e5f3db16646020e5467dbb405e39acb7ac32e33dde308f66ac1fedcefb1 d666117c9e765d7d3373465af21c56e6057b9f48b80112c5838989b3c333e005
SERVER_TRAFFIC_SECRET_0 66196684e0494e12467977ac91794c8537aaa17d889e21129af5002283064696 c8d8d6a29c93335891cabc2c291abf9981f92c5d3e39f99c3ee5fec33010b127
CLIENT_TRAFFIC_SECRET_0 66196684e0494e12467977ac91794c8537aaa17d889e21129af5002283064696 f4a9ef7f15c00e4c1ff0721224d2044ff0bb0f397a49f4325f712dcccc1c3eb5
SERVER_TRAFFIC_SECRET_0 12cfa54ec65ded42a6eac32db65f78535b3ac235cd31c1ff618f458bfa3c0527 d14d46b63f2c4d6af45de63f34b2f3cc371c4acab94af6cd8dda426a34f31263
SERVER_HANDSHAKE_TRAFFIC_SECRET 493aea71d93f837c86655037a076544b4c718249d91497bb1d86ec730ffbffc2 41a390b0f3b8b21862fd43d168e806c8048611d4e495186bd96ad87f4a00baab
SERVER_HANDSHAKE_TRAFFIC_SECRET 9ecb47bf3f0f6fa674378f49790d614ea71a522a4f730bc15caa5d3e5a9bbcdd 98a3e6ddeb731f37d51d4df6d2cfa830e5fdf02596335c16acb20b2a2744b050
CLIENT_HANDSHAKE_TRAFFIC_SECRET 9ecb47bf3f0f6fa674378f49790d614ea71a522a4f730bc15caa5d3e5a9bbcdd ffc95b2cf4d5eaad4316849d6bb774fe793d15d4049fb16f104fe3422f6fb0f0
SERVER_TRAFFIC_SECRET_0 9ecb47bf3f0f6fa674378f49790d614ea71a522a4f730bc15caa5d3e5a9bbcdd 63dd29795a4c9c99c8cc48016fce680e6c1489348de046ef59d60ae75329693f
CLIENT_TRAFFIC_SECRET_0 9ecb47bf3f0f6fa674378f49790d614ea71a522a4f730bc15caa5d3e5a9bbcdd ce2cf16d8b8c3930e7017a3bc1e63cea762c4e5de5cc91b27a42bfe4ef3e01f2
CLIENT_HANDSHAKE_TRAFFIC_SECRET 493aea71d93f837c86655037a076544b4c718249d91497bb1d86ec730ffbffc2 af1b416ef3ff08e96954b54cd832732bf47cc7d856ad9dc5045d5caf58ec8097
CLIENT_TRAFFIC_SECRET_0 12cfa54ec65ded42a6eac32db65f78535b3ac235cd31c1ff618f458bfa3c0527 443396b284833a5e6e5ac1d608725bbd858101c0d5ac47752731385feea67653
SERVER_TRAFFIC_SECRET_0 493aea71d93f837c86655037a076544b4c718249d91497bb1d86ec730ffbffc2 c4d97997006f753e8d47ad3ffa78cd7a50f6157a797baa98077c4ad69d2555ef
CLIENT_TRAFFIC_SECRET_0 493aea71d93f837c86655037a076544b4c718249d91497bb1d86ec730ffbffc2 321de6005ef00cfc5c9f1d51b775f74014f43bbac834796579ae9fad83ca0764
SERVER_TRAFFIC_SECRET_0 e7da431d8f408534aa6c279e35494509b848947862ddea65b4ca18b11bd01da7 5e820397a1c39e535deff89d8d7fbddd4ee30c0e810ac311b76d583dd31be4a4
CLIENT_TRAFFIC_SECRET_0 e7da431d8f408534aa6c279e35494509b848947862ddea65b4ca18b11bd01da7 48de59baf51ce3c0bb1c314a2a7e8ad609f58a9e079abbae2a7f7807a257f82f
SERVER_HANDSHAKE_TRAFFIC_SECRET 5b591b312afae701a60b22f6b19842e78571ed9fa07919cf38dab3d1d54cfbe7 93117f5c7c043bc1d43fa751a092a2f005424a0e23e2eefd4453c138a6bb9153
CLIENT_HANDSHAKE_TRAFFIC_SECRET 5b591b312afae701a60b22f6b19842e78571ed9fa07919cf38dab3d1d54cfbe7 26737d6b3cbe4b6a92585d6e236ab3e7d59fbfe1c7c82d308dbd4d8ad2fbeccb
SERVER_TRAFFIC_SECRET_0 5b591b312afae701a60b22f6b19842e78571ed9fa07919cf38dab3d1d54cfbe7 4e7713f0c3ec208eb7f4372b9629a415e9bd7d7c24a93b968738899d9a7071b8
CLIENT_TRAFFIC_SECRET_0 5b591b312afae701a60b22f6b19842e78571ed9fa07919cf38dab3d1d54cfbe7 11ada5eed122a6a8a5404b8939eb1f616cd537f035703dc4b0a402d673256a12
SERVER_HANDSHAKE_TRAFFIC_SECRET 443193f94a248dac3bd9e916fc24d73a2cbbd0589ddd500578bf12f080727f33 6b4fe9a61e37302f1af143ebdfe250141092f8a426d203b107ad9de3f6e39c7c
CLIENT_HANDSHAKE_TRAFFIC_SECRET 443193f94a248dac3bd9e916fc24d73a2cbbd0589ddd500578bf12f080727f33 86bd7ccf89924257c6920fee0f7802fcc41a5fa201a48af143f21a802c0d84e9
SERVER_TRAFFIC_SECRET_0 443193f94a248dac3bd9e916fc24d73a2cbbd0589ddd500578bf12f080727f33 ce90fce1b62dfacaae2927064861b554c7491a5edf2f17baf1a2e629cc576c3d
CLIENT_TRAFFIC_SECRET_0 443193f94a248dac3bd9e916fc24d73a2cbbd0589ddd500578bf12f080727f33 449975b5151afbca4667590f9dd535f303bedf358c26c268af9fb04e535ceca8
SERVER_HANDSHAKE_TRAFFIC_SECRET a962cc40de93327fa7f9e7847ef30a3203ebce9d9999bc154d2d7248bbcd3e37 9626436e3cacd9ae16d5b389ca5e3d841f46e7a5c6f6680cdff27cb8478ae677
CLIENT_HANDSHAKE_TRAFFIC_SECRET a962cc40de93327fa7f9e7847ef30a3203ebce9d9999bc154d2d7248bbcd3e37 5242c67ac3d693edcd6484b6748a859a5de63aa5fbc2b35e7caee13905272fdb
SERVER_HANDSHAKE_TRAFFIC_SECRET 363af06c90d2b778eb032c20908f983e66e6b225cfabedc15d907e1060d8687c 9c762ac12bcd5b5c8d90ce302e86db40127082b2c50143c724ed47eb19bcc327
CLIENT_HANDSHAKE_TRAFFIC_SECRET 363af06c90d2b778eb032c20908f983e66e6b225cfabedc15d907e1060d8687c e9c5d9e158cfac75c47c2b9ee645aef40028770d63b620f98e4e87c8e35df95e
SERVER_HANDSHAKE_TRAFFIC_SECRET a45cee46814486c57e5a0b5e4eb5826bae292a2fe3018da8a5395e755964e0fa c1b758531d34abb0471a6f7ee8b0a3ad0a724326bb7b96906712f3f2c295f348
CLIENT_HANDSHAKE_TRAFFIC_SECRET a45cee46814486c57e5a0b5e4eb5826bae292a2fe3018da8a5395e755964e0fa d28a8abbb47ddadf2d1d054bb25261812ac6d9748fb94685df8c3074d9ee3275
SERVER_TRAFFIC_SECRET_0 a45cee46814486c57e5a0b5e4eb5826bae292a2fe3018da8a5395e755964e0fa 2495ea26b62f6058cc44d86bd21bed64ddcddea13a84a2336f3e729dfed7650b
SERVER_HANDSHAKE_TRAFFIC_SECRET 8c6be13ebedf5fa06f0fab4af0b6ce371f61393b7e1aaad58eb362b701acc9b2 c0735eac297a2a1a1e152cdf90e5b9b26f1321e24f6bf4c1bdaf60b36d6ab628
CLIENT_HANDSHAKE_TRAFFIC_SECRET 8c6be13ebedf5fa06f0fab4af0b6ce371f61393b7e1aaad58eb362b701acc9b2 51781e1508960e7988ee3e5cc565356279771de8fd0b6928a8acfa647b959253
SERVER_TRAFFIC_SECRET_0 8c6be13ebedf5fa06f0fab4af0b6ce371f61393b7e1aaad58eb362b701acc9b2 713c9a9be324d2ab7ef41a2af03eba692e9b9ad668fa49afa93b98dac678b384
SERVER_HANDSHAKE_TRAFFIC_SECRET 2fa897ca4b3ef81c5e8cdc344dd9e56cb59e1bd02665fc75e145008e317d3c66 f2c2deb3019c294691e786742a20572e57847feaf93ca9e4521b9c14ecbe41ee
CLIENT_HANDSHAKE_TRAFFIC_SECRET 2fa897ca4b3ef81c5e8cdc344dd9e56cb59e1bd02665fc75e145008e317d3c66 193d88573481833eb79e0c089bfec999c4ddbe26e9ffbf2136682df970bf3123
SERVER_HANDSHAKE_TRAFFIC_SECRET 7769b1095c6e957b586e6257e558eee6d8eddb0eac26c31c90207ebf1bd65d18 1284fe83cde950d2984f16f61a00e69fc506b835312fa0acb9d455e4588c1a60
CLIENT_HANDSHAKE_TRAFFIC_SECRET 7769b1095c6e957b586e6257e558eee6d8eddb0eac26c31c90207ebf1bd65d18 da50e87d8ee2f35cd79d8743a9fee118d7535081ad7f80755bce1ded0c1d8147
SERVER_TRAFFIC_SECRET_0 a962cc40de93327fa7f9e7847ef30a3203ebce9d9999bc154d2d7248bbcd3e37 c4148e0b0ef7c619f4d37311d62535121e820de89fc67a44754408bc7df6eabe
CLIENT_TRAFFIC_SECRET_0 a962cc40de93327fa7f9e7847ef30a3203ebce9d9999bc154d2d7248bbcd3e37 32db25e1431aa5821826d74da468590f7dc85a8b0a188b6328e9973947c24d76
SERVER_HANDSHAKE_TRAFFIC_SECRET 331ea8ab82c0c4bc5cd3f35630f85e64b62f3996cd1818de4d833c1ae07a62b7 7cbe091ca984516f89c4312db53f08950c8ab9e7504f20f565a466bd31023eed
SERVER_HANDSHAKE_TRAFFIC_SECRET f208b1b1bb6425aa8b196cbc43762700166b78f5f94328a7bedbd83c764cad6d 1b56bcb43f7c3d7639055ea645531df459fc7a9b9bea36443ebd71c9a308a5ff
CLIENT_HANDSHAKE_TRAFFIC_SECRET f208b1b1bb6425aa8b196cbc43762700166b78f5f94328a7bedbd83c764cad6d 26fafdb2c8ff29187699fd33eb2da03221743eae7d08f9d01e789d79017a210c
SERVER_HANDSHAKE_TRAFFIC_SECRET a9c3fce97e61e3c57c130fc5e8421f64324d25cb27aff055c12b79990c02ecba 0ad87e452ab2debdd6e89891c93f6c637488d5729be504a6b8b628302f6aff8a
SERVER_HANDSHAKE_TRAFFIC_SECRET 0cf3acbfd1e3cc67b34702a4593e9ebaac0c3a6965559ea973cfeca9f0978893 890274acb5f1bbf0fbfce0c4d26076a2ab12084e75ca12b9f415b06676491313
CLIENT_HANDSHAKE_TRAFFIC_SECRET a9c3fce97e61e3c57c130fc5e8421f64324d25cb27aff055c12b79990c02ecba 4706c03a3a7a8c2d2b6bb1546c58c44b3274131176f401ea6fe3827749fb1baf
CLIENT_HANDSHAKE_TRAFFIC_SECRET 0cf3acbfd1e3cc67b34702a4593e9ebaac0c3a6965559ea973cfeca9f0978893 35b4616da48bf032a2512525741927b0dc9c110ad039d75ded6868105dcaff83
SERVER_HANDSHAKE_TRAFFIC_SECRET 4d82331857038c2a01e616c2722464646ea0366f0c40dfbf9332eece89c7469e 4a30720bace4a6dc83517e41afe3e9a26535791af9c628bc693f479a3144955e
CLIENT_HANDSHAKE_TRAFFIC_SECRET 4d82331857038c2a01e616c2722464646ea0366f0c40dfbf9332eece89c7469e 9cd0c25e109aaa50d313838e9f9903b7c1918bb2ef418bea9d58617a07df89b4
CLIENT_HANDSHAKE_TRAFFIC_SECRET 331ea8ab82c0c4bc5cd3f35630f85e64b62f3996cd1818de4d833c1ae07a62b7 b02e00861b4287ee56069a8c965eb655f7eb168c7b59bec074d298a03fc13ec6
SERVER_TRAFFIC_SECRET_0 331ea8ab82c0c4bc5cd3f35630f85e64b62f3996cd1818de4d833c1ae07a62b7 d87c14e8a13fee640cf99ac057191fa91590167795e48910cb52278a54ea6857
SERVER_TRAFFIC_SECRET_0 7769b1095c6e957b586e6257e558eee6d8eddb0eac26c31c90207ebf1bd65d18 9fe3ac9489e75d923739ae7d3fdb50ebc7fbde0a1eece25cee7c58abd1980e40
CLIENT_TRAFFIC_SECRET_0 331ea8ab82c0c4bc5cd3f35630f85e64b62f3996cd1818de4d833c1ae07a62b7 b2686ae21dc549f4966f2098e0afd86da563f13a49c27836d86263d593ac1cf0
CLIENT_TRAFFIC_SECRET_0 7769b1095c6e957b586e6257e558eee6d8eddb0eac26c31c90207ebf1bd65d18 169cca09005417db5b2d3fe98c36f087017bd216e65a6bc532648169662309ab
CLIENT_TRAFFIC_SECRET_0 a45cee46814486c57e5a0b5e4eb5826bae292a2fe3018da8a5395e755964e0fa c45648f6a46f467fcc48e0e934689b5ff6aaa2104c29347f64d7bd819b47ff63
SERVER_TRAFFIC_SECRET_0 363af06c90d2b778eb032c20908f983e66e6b225cfabedc15d907e1060d8687c 65614a8955c1ec65a0eab40545fbe7293b1b8bc00d1c68c1f927479c3652556b
CLIENT_TRAFFIC_SECRET_0 363af06c90d2b778eb032c20908f983e66e6b225cfabedc15d907e1060d8687c b43f9e792ae7a4e099172c1eabd185c72c6058643b88cdf40bda66b6918f1b89
CLIENT_TRAFFIC_SECRET_0 8c6be13ebedf5fa06f0fab4af0b6ce371f61393b7e1aaad58eb362b701acc9b2 73de22b13a4ba8fddff8113890f4e3f36a7472ce603590036d4d41981fe05e25
SERVER_TRAFFIC_SECRET_0 2fa897ca4b3ef81c5e8cdc344dd9e56cb59e1bd02665fc75e145008e317d3c66 fe5a0a2bedb31b35ffc8eb663e06f49eebb3b6128018f7f5a69a9f71fa2a6cac
SERVER_TRAFFIC_SECRET_0 f208b1b1bb6425aa8b196cbc43762700166b78f5f94328a7bedbd83c764cad6d e83cb8c0791a7c49750019f727ca1451cf7ac4692eb149bec642a14ea1922c41
CLIENT_TRAFFIC_SECRET_0 f208b1b1bb6425aa8b196cbc43762700166b78f5f94328a7bedbd83c764cad6d 1612e3217f71cdcac860eea66ee2232a5d761989b67819b80a1e6537c94043e4
SERVER_HANDSHAKE_TRAFFIC_SECRET acfe8308ad6cebfcdae25d42957adfe148e9ba6824694271cbca4df2a2ac16f1 365c4c1697a51514a637de8a33349048ba9d0a335d1d7a7823150537df2782fd
CLIENT_HANDSHAKE_TRAFFIC_SECRET acfe8308ad6cebfcdae25d42957adfe148e9ba6824694271cbca4df2a2ac16f1 bf5b8b4f75d55816d1b953314146004b1c67189463e962daaa89ddc4ee1ac4a6
SERVER_TRAFFIC_SECRET_0 a9c3fce97e61e3c57c130fc5e8421f64324d25cb27aff055c12b79990c02ecba 2690c523ce3f027bedcb104ec41aebffa4ad21ceabf926271b9630c180f1983d
SERVER_HANDSHAKE_TRAFFIC_SECRET 827ff7debedf7eeda649baab3bcc1bac718f7989d0ebd2f0ff058bdaa4990f6b d329e69948d01e35b09acfdbf8638aa7815eec9f6fb1aaeb39185476d4111f2a
CLIENT_HANDSHAKE_TRAFFIC_SECRET 827ff7debedf7eeda649baab3bcc1bac718f7989d0ebd2f0ff058bdaa4990f6b 6a314d0d5b91181dca33704bc50c98f31b94e3149b38279a9e862aab83ddbaef
CLIENT_TRAFFIC_SECRET_0 2fa897ca4b3ef81c5e8cdc344dd9e56cb59e1bd02665fc75e145008e317d3c66 af1a59e86b4e049a7b2662837c9595a009377750896cab3d94307277f3932571
CLIENT_TRAFFIC_SECRET_0 a9c3fce97e61e3c57c130fc5e8421f64324d25cb27aff055c12b79990c02ecba 4e84fa1d30a22df21a94fada5dd19d207bc72e37438764a7e5ab69905b35c6e6
SERVER_TRAFFIC_SECRET_0 0cf3acbfd1e3cc67b34702a4593e9ebaac0c3a6965559ea973cfeca9f0978893 cf3a54573bc798a1ce69ebf53a33ae32eb2a3a043cfe65852f39fbf46ce219ce
CLIENT_TRAFFIC_SECRET_0 0cf3acbfd1e3cc67b34702a4593e9ebaac0c3a6965559ea973cfeca9f0978893 f419171091b59be64b05e91928bedbbdca929503c3086c54b6e8ce2c21a639ba
SERVER_TRAFFIC_SECRET_0 4d82331857038c2a01e616c2722464646ea0366f0c40dfbf9332eece89c7469e 06d7276eec2a167548e7de22131aeda0f3ba9d19a2ca5c46770dec9bd3be8f30
CLIENT_TRAFFIC_SECRET_0 4d82331857038c2a01e616c2722464646ea0366f0c40dfbf9332eece89c7469e e98497ae700801a8c0e780d66e4a868286b7ba179fa27f091982c15a1db08549
SERVER_TRAFFIC_SECRET_0 acfe8308ad6cebfcdae25d42957adfe148e9ba6824694271cbca4df2a2ac16f1 07a8ba6af5685a3cb93270843449f24e9117c18d8c6fbfb98c3ff2dc91aecd3b
CLIENT_TRAFFIC_SECRET_0 acfe8308ad6cebfcdae25d42957adfe148e9ba6824694271cbca4df2a2ac16f1 52487f6e4fbc46f887020a38dea3075368cc4fe94f693055d2b1fc228f6e8c93
SERVER_HANDSHAKE_TRAFFIC_SECRET 3d1a988ea04161b282cab0a42e33857c5ae18044dfe5b3c87b9e94e2139d5212 d4d1f2df5067bfcdd9db56ef115ebf1810e66fcb196d28cab735038448ffa0cc
CLIENT_HANDSHAKE_TRAFFIC_SECRET 3d1a988ea04161b282cab0a42e33857c5ae18044dfe5b3c87b9e94e2139d5212 d5c630c953b48d9a7939c1b4bb4ada9cb35f570d294d35fe54e1175cdc1180ae
SERVER_TRAFFIC_SECRET_0 827ff7debedf7eeda649baab3bcc1bac718f7989d0ebd2f0ff058bdaa4990f6b 0af15f5170a95ce44ccd324c5df2b70f844ea89da38928adb5c875260f4952f4
SERVER_HANDSHAKE_TRAFFIC_SECRET 7d103d940832514070111cd89ac7f70e550fc35b053d6c68c346915eadd9a938 7fd294b414b72b3b46edf0880cc0f85dff47432f1b3f05b4cb6480136b3cedf3
CLIENT_HANDSHAKE_TRAFFIC_SECRET 7d103d940832514070111cd89ac7f70e550fc35b053d6c68c346915eadd9a938 e16dc0da48cf00df2ef58b6d8ebfb8932148cfe0fb55a6cc641030ffcef7bcdd
CLIENT_TRAFFIC_SECRET_0 827ff7debedf7eeda649baab3bcc1bac718f7989d0ebd2f0ff058bdaa4990f6b 981e320e822f6b6c788054cb16b0f080c2e4c10bb6098429e5c8e0c66898b150
SERVER_TRAFFIC_SECRET_0 7d103d940832514070111cd89ac7f70e550fc35b053d6c68c346915eadd9a938 673b27d4a582b1e7246e2b790000da1ebce720b8dc2725959bbfa84dd790780f
CLIENT_TRAFFIC_SECRET_0 7d103d940832514070111cd89ac7f70e550fc35b053d6c68c346915eadd9a938 7501fbd6a42306d03cc3f72b904c672dd48e046100981b1150d2de3b290e1102
SERVER_TRAFFIC_SECRET_0 3d1a988ea04161b282cab0a42e33857c5ae18044dfe5b3c87b9e94e2139d5212 823ef54c70c1a4e7cf4c5d031a38993aedeaa1bb327121cd627419c2d2631099
CLIENT_TRAFFIC_SECRET_0 3d1a988ea04161b282cab0a42e33857c5ae18044dfe5b3c87b9e94e2139d5212 2b42c54f5dc47f71089264e4471a005575fc1f8904a55eaabf47f3fe3d72fcf5
SERVER_HANDSHAKE_TRAFFIC_SECRET 205f883a01ecbe9d52543d04df0c843eabe72caade96500972b9abbdcde26e69 6e8cfdc009f9cc470e03f12887673dbf833b3e835f89e8391693ef0536d7a176
SERVER_HANDSHAKE_TRAFFIC_SECRET 20b2fb0800af983892b8898f5dfeb52de584e04a5cc2a084d0f8a7c55ffe3f16 85726f621d055eab3011207ea4a17ff67e96291cf4f724b5d6a0510631136347
CLIENT_HANDSHAKE_TRAFFIC_SECRET 20b2fb0800af983892b8898f5dfeb52de584e04a5cc2a084d0f8a7c55ffe3f16 c38693d22a18d67c280aaf01f722fa4213baa6145d686e0490371d369c6fc60e
CLIENT_HANDSHAKE_TRAFFIC_SECRET 205f883a01ecbe9d52543d04df0c843eabe72caade96500972b9abbdcde26e69 fd4b5095c53bae462e945eb639f254ebdb595367538df2694362c21fbd791c08
SERVER_HANDSHAKE_TRAFFIC_SECRET cefaf027e742749b3ff322005aadee9117e691680a93cf16ff7bafbed56764a8 edbf9b16af78ecbf6c9fe6e70fb8c6dc1e181989e1d7a204c82b76b31fc18ec3
CLIENT_HANDSHAKE_TRAFFIC_SECRET cefaf027e742749b3ff322005aadee9117e691680a93cf16ff7bafbed56764a8 ec9818a6c60ad7a84ec87f3500084f1ab29a63e750edee5d5edc56cf4684093f
SERVER_TRAFFIC_SECRET_0 cefaf027e742749b3ff322005aadee9117e691680a93cf16ff7bafbed56764a8 c22b54e11a3e2dd6ff5f039204735f39aae3bcc862b26431c905b01ffdc2b584
CLIENT_TRAFFIC_SECRET_0 cefaf027e742749b3ff322005aadee9117e691680a93cf16ff7bafbed56764a8 d523dd9500d2333177f11b353b5d7b6ff5ae677e8f60d28049d5a6d2396ff406
SERVER_HANDSHAKE_TRAFFIC_SECRET a89efbb0903890a14cb3f55e96871fc9fba1f50de49262383e88f118646cf8a0 7df275efaa08281b84d92c0ae90b5074cdcd89d70131240b6ff8d746a048fe67
CLIENT_HANDSHAKE_TRAFFIC_SECRET a89efbb0903890a14cb3f55e96871fc9fba1f50de49262383e88f118646cf8a0 64c3086635823780644d5473b0ca1abfb7f8c34565b3129bef99a52cbfc5c008
SERVER_TRAFFIC_SECRET_0 a89efbb0903890a14cb3f55e96871fc9fba1f50de49262383e88f118646cf8a0 35f7326df1e176c3afbc1e4f1e5ba3e17f4826c44f67f661bcefa1e6fbf75ce9
CLIENT_TRAFFIC_SECRET_0 a89efbb0903890a14cb3f55e96871fc9fba1f50de49262383e88f118646cf8a0 beb0f156c0731a24474de1d8ee980a23b46140be8dab5b0bf685eb1ea7949f35
SERVER_HANDSHAKE_TRAFFIC_SECRET 504c4183302c2a5588e8426b4f3f41776c5181e0c6bd20d72cecfd1270579ade 56e7452ac121f5306e5c19c838447dd7ea6e585bc34c170af0c25d7ffa2f7e49
CLIENT_HANDSHAKE_TRAFFIC_SECRET 504c4183302c2a5588e8426b4f3f41776c5181e0c6bd20d72cecfd1270579ade 1178fc8cbe62cd7370e3df66003153a165c711dcd6df121b814f6baf1a4ef9d1
SERVER_TRAFFIC_SECRET_0 504c4183302c2a5588e8426b4f3f41776c5181e0c6bd20d72cecfd1270579ade d4e38be349091fe7f31cb1db4961e12fa755e9025fa2bc9e20c7389200e644e5
CLIENT_TRAFFIC_SECRET_0 504c4183302c2a5588e8426b4f3f41776c5181e0c6bd20d72cecfd1270579ade a0797db05a0af31eeec08516f2163a491be6bc8f213f06b914643d1cd0ec0209
SERVER_HANDSHAKE_TRAFFIC_SECRET b5f08736321b7f149a87f729805e902f96f0c02b2e6661e8c88c904152cc404d 423e57a9c966114167f0afd7a44476d3ecc6d32e0ff001856ba352b0441d9d48
CLIENT_HANDSHAKE_TRAFFIC_SECRET b5f08736321b7f149a87f729805e902f96f0c02b2e6661e8c88c904152cc404d c527ded8516d85dd6beef29d6e71d7417b1b080eef4fa7dad4e889f96d2e6a33
SERVER_HANDSHAKE_TRAFFIC_SECRET 1f92f4aab409fd37faa63e9f5a8724f81baf3ae6703f9f4a6a11610bc6953167 4201ed228a0befe9445e571b2dfa5a22969a188d7422117af0178612d7d15fef
CLIENT_HANDSHAKE_TRAFFIC_SECRET 1f92f4aab409fd37faa63e9f5a8724f81baf3ae6703f9f4a6a11610bc6953167 447c0f5abf0b7ac458ba86bf030357213f009a0170d0d0582356e5350475267a
SERVER_TRAFFIC_SECRET_0 b5f08736321b7f149a87f729805e902f96f0c02b2e6661e8c88c904152cc404d b032542a65338d5c23c48732aab0de34c5a76905260e668ac9865e78f9037442
CLIENT_TRAFFIC_SECRET_0 b5f08736321b7f149a87f729805e902f96f0c02b2e6661e8c88c904152cc404d eb34ab7bb695d60a472135663636aa38cb5ef9902d0b683008b4ea4d96073c49
SERVER_TRAFFIC_SECRET_0 1f92f4aab409fd37faa63e9f5a8724f81baf3ae6703f9f4a6a11610bc6953167 0662e03c8ac906faad3c177b23c80a71c4bfd10c9d72cd17d68547f9624b6ddb
CLIENT_TRAFFIC_SECRET_0 1f92f4aab409fd37faa63e9f5a8724f81baf3ae6703f9f4a6a11610bc6953167 eb459fb475ad5145eb22a0078c8522029b69d5588aef49af8960af67f55d73cf
SERVER_HANDSHAKE_TRAFFIC_SECRET 940d6c45612e0ab03c7b4723dc4a61de0a4cf5978c68866441a5a7598bcb5cea 341aca6afc69a2c93caa58290011f09c0bb339a0271110c281be4696ff7a4243
CLIENT_HANDSHAKE_TRAFFIC_SECRET 940d6c45612e0ab03c7b4723dc4a61de0a4cf5978c68866441a5a7598bcb5cea 740151cf18adcdf68cfbf810e08700e664d65194e8f1dbbdb494c779435c56be
SERVER_HANDSHAKE_TRAFFIC_SECRET 0d7fbbb808260e72a6dc6ac4f63ccf342a89eb53eccaed5d19335748247aeb03 72e1c2b7be6baab88c01aab13488dc61dc9138ac86cf02c78fe3d57d4f592432
CLIENT_HANDSHAKE_TRAFFIC_SECRET 0d7fbbb808260e72a6dc6ac4f63ccf342a89eb53eccaed5d19335748247aeb03 24ad1a342ab47cc732a5e99736793c9d857431265b79ae5875f7361111e8b426
SERVER_TRAFFIC_SECRET_0 940d6c45612e0ab03c7b4723dc4a61de0a4cf5978c68866441a5a7598bcb5cea dda12803d53dc46a51bf428b46901e23fea419c3cfea14f39664a4a9919d9365
CLIENT_TRAFFIC_SECRET_0 940d6c45612e0ab03c7b4723dc4a61de0a4cf5978c68866441a5a7598bcb5cea d4138e73092778c6b488837e9664e92d097ac8c12eb2e705ccd80355ad377986
SERVER_TRAFFIC_SECRET_0 0d7fbbb808260e72a6dc6ac4f63ccf342a89eb53eccaed5d19335748247aeb03 a13c204979ee8a8cc1d3d0a74091168f683e1271bef583665ca4af8536c60f33
CLIENT_TRAFFIC_SECRET_0 0d7fbbb808260e72a6dc6ac4f63ccf342a89eb53eccaed5d19335748247aeb03 6abe1e1c65b27bda4c880644595b8c28203029b7dff1b932f12e31660a3ad63e
SERVER_HANDSHAKE_TRAFFIC_SECRET cbcd6e121191007aa41419a3aa3e222a05c0ff7bc2f0a6a8f4a70e5cf46e9dec 1ac18d797fd0e4df3b6077aaf0888050addd82e61bcde770fecceb237d0a2e15
CLIENT_HANDSHAKE_TRAFFIC_SECRET cbcd6e121191007aa41419a3aa3e222a05c0ff7bc2f0a6a8f4a70e5cf46e9dec 1262a3eeec32eaa13f5488e4468d291aa63af4afbf2049cbecb19b3208922e4e
SERVER_TRAFFIC_SECRET_0 cbcd6e121191007aa41419a3aa3e222a05c0ff7bc2f0a6a8f4a70e5cf46e9dec aa2526b92ff0a1072a904e5c1b5ede25141c1b5899e74a657c8bf18d15e79dd1
CLIENT_TRAFFIC_SECRET_0 cbcd6e121191007aa41419a3aa3e222a05c0ff7bc2f0a6a8f4a70e5cf46e9dec 3ed78b466cfb3fe1a70eac8d78147e0a37499b16f33c52b24103078401d2944d
SERVER_HANDSHAKE_TRAFFIC_SECRET e6e39077974ad1ec068620e48df99362d0fe537c4c0f70123eacc1987a56da23 0c6b3831f3e83209f0efc15511e130354177e77e7e8f84c8fae1514f3f570a3d
CLIENT_HANDSHAKE_TRAFFIC_SECRET e6e39077974ad1ec068620e48df99362d0fe537c4c0f70123eacc1987a56da23 6e95871c37ca32c50fe315f082b7d1490fe6becf6404ec97c6225bf8bb1f3d67
SERVER_TRAFFIC_SECRET_0 e6e39077974ad1ec068620e48df99362d0fe537c4c0f70123eacc1987a56da23 7da6919d31a5a90ab712d79720dcecbf7a694562fbe921d7e44ac7f5ecb90139
CLIENT_TRAFFIC_SECRET_0 e6e39077974ad1ec068620e48df99362d0fe537c4c0f70123eacc1987a56da23 8ae4d3dcb48ca9f8051666565ea7972db661eabedb1add6dc7951f96132c83ea
SERVER_HANDSHAKE_TRAFFIC_SECRET 31deb11b70d5778ea8b8505ebe2bbd6783c8165b9424a3da55dacf6792562eb4 fbeaf443b5fd45180ec6d59af415c50cda121b9c26879c14e4fb005bded73ccc
CLIENT_HANDSHAKE_TRAFFIC_SECRET 31deb11b70d5778ea8b8505ebe2bbd6783c8165b9424a3da55dacf6792562eb4 cca8d29bcfe2ae7926335c9e7b6b9d2cc4e8422f8ce72f3ce7489efcc297251d
SERVER_HANDSHAKE_TRAFFIC_SECRET 0270386e9c9e9b783f59d8af98a27f33945e93a9960d5afa43fa6cca89fdc8a5 a2b9868da7d862d4280a32fd1ed8757125de09c09baf9c602bd6b30abd045e55
CLIENT_HANDSHAKE_TRAFFIC_SECRET 0270386e9c9e9b783f59d8af98a27f33945e93a9960d5afa43fa6cca89fdc8a5 0c01e33ba97706337624bcc69145af7b0beadcd5df7f76d0b783ca0105343472
SERVER_HANDSHAKE_TRAFFIC_SECRET 723b2eb77884ad577e74fc47db4d51c38e6842a39af2e706a3a160b36523ff5d b81d84432c4c61da80c5ce51d615bab6410b25e0ac5b031896332bfc1c4e3661
CLIENT_HANDSHAKE_TRAFFIC_SECRET 723b2eb77884ad577e74fc47db4d51c38e6842a39af2e706a3a160b36523ff5d 89549cb5acaf94884c2ebe8bf47856eff60272a843f8f58baae4b141b9b2900e
SERVER_TRAFFIC_SECRET_0 0270386e9c9e9b783f59d8af98a27f33945e93a9960d5afa43fa6cca89fdc8a5 53822354126f7a0e61a216fbf41f85305857d5a3db3cef8d57d96c7fedc89043
CLIENT_TRAFFIC_SECRET_0 0270386e9c9e9b783f59d8af98a27f33945e93a9960d5afa43fa6cca89fdc8a5 8c0d680631b26645465ff84470ceee66911939b404a0248847a0e0cb96b0ecc3
SERVER_TRAFFIC_SECRET_0 723b2eb77884ad577e74fc47db4d51c38e6842a39af2e706a3a160b36523ff5d f566a0828688a52e66af66b7b81f3f8701d7957242a1992b523f6f7b7ce2ac95
SERVER_HANDSHAKE_TRAFFIC_SECRET ffd45325064ef3dd2a19beadc05c85b93730cae2c27e3f41480b4ac9cce8a757 f8b1267d1527f65c7e48a3213538d07cb6c465f25a04b1bd9d2357c6157de399
CLIENT_HANDSHAKE_TRAFFIC_SECRET ffd45325064ef3dd2a19beadc05c85b93730cae2c27e3f41480b4ac9cce8a757 434832a5bf274fc16f4c03f9e836dae024bf1de4bd61faa46d8d0e4cb02f8e24
CLIENT_TRAFFIC_SECRET_0 723b2eb77884ad577e74fc47db4d51c38e6842a39af2e706a3a160b36523ff5d ae93337b6603853a9cf9ffe16ee488f4f3074a83cefd602b65b6e9fbe89cd939
SERVER_HANDSHAKE_TRAFFIC_SECRET 67def362bf517a4c70c2a0c672d7eea408a6e9457788b42569415c61f19bad39 1f7de9c8ff8a3611e5a6f34ee19c477ee5ddcf076c9b194852a9e2aed462e031
CLIENT_HANDSHAKE_TRAFFIC_SECRET 67def362bf517a4c70c2a0c672d7eea408a6e9457788b42569415c61f19bad39 18fb330c993c67c0bfd2e4d363e10cdb266b0a79151356554986ea008847606f
SERVER_TRAFFIC_SECRET_0 67def362bf517a4c70c2a0c672d7eea408a6e9457788b42569415c61f19bad39 8fa1332adf62b19ef8344b67d3f4cf1b92b692a054ad7e48f3481422223c6efd
CLIENT_TRAFFIC_SECRET_0 67def362bf517a4c70c2a0c672d7eea408a6e9457788b42569415c61f19bad39 01fb6ff55759ce35365fd955a48be495e8d6fd15d5684f7341ccf43fbecf5a42
SERVER_TRAFFIC_SECRET_0 ffd45325064ef3dd2a19beadc05c85b93730cae2c27e3f41480b4ac9cce8a757 cd5f6520b440495d05a92e66cc9b4a6532a320e985f685bd419af66a72d13890
CLIENT_TRAFFIC_SECRET_0 ffd45325064ef3dd2a19beadc05c85b93730cae2c27e3f41480b4ac9cce8a757 87b6de19cabdd793ff20145f9cd1d845cb962c5a51793c617fb4c99c5d081da6
SERVER_TRAFFIC_SECRET_0 31deb11b70d5778ea8b8505ebe2bbd6783c8165b9424a3da55dacf6792562eb4 4c8e925d35e29c013107b62d1f7861d5c8af41ae4f67ad51505bc11249fb6142
SERVER_HANDSHAKE_TRAFFIC_SECRET 30a2d2d5e9fa0f2c4d5a6e2418554a12d31430ac1b62c047fcaf5b42b7f47a7d 1bfa2616f1a1bc3fa3a9552a2784d1cede7e34dffdd0fd1f1486a7de04dcc1dc
CLIENT_HANDSHAKE_TRAFFIC_SECRET 30a2d2d5e9fa0f2c4d5a6e2418554a12d31430ac1b62c047fcaf5b42b7f47a7d 32600f7634b0fe3ca863ea71ef6dac93144d644891ed66c6254a597a0038ad92
CLIENT_TRAFFIC_SECRET_0 31deb11b70d5778ea8b8505ebe2bbd6783c8165b9424a3da55dacf6792562eb4 df943d1433b3e3a129e54afad72e140fe318c9962655d047d53e481e5de86556
SERVER_TRAFFIC_SECRET_0 30a2d2d5e9fa0f2c4d5a6e2418554a12d31430ac1b62c047fcaf5b42b7f47a7d ec628ecea6147b30e2407e95eb44eaa240c56b09fdcab730bf94514e3cc282b9
CLIENT_TRAFFIC_SECRET_0 30a2d2d5e9fa0f2c4d5a6e2418554a12d31430ac1b62c047fcaf5b42b7f47a7d 59f41410b179f05bddaf519ab897c8c59cbde849af90cada15324771fcc3d68d
SERVER_HANDSHAKE_TRAFFIC_SECRET 08abea43497afae723c13c54387dc15f2c1a819b1d2dfe5bac1d9cbbe4e9b6c9 57820f6d7baa4348a3ffcab25c051b917f0dced85385a39f1f29936be70f8d3f
SERVER_HANDSHAKE_TRAFFIC_SECRET b91ff2cb1c1017625ab2cee0d67cb850f90acac7ce191b255e8e5807c4594abc 24cbd85ece57be79bb9a0a5e9563726cd00f238abef401a4794ed88d03cbd665
CLIENT_HANDSHAKE_TRAFFIC_SECRET b91ff2cb1c1017625ab2cee0d67cb850f90acac7ce191b255e8e5807c4594abc 073aa31f0f26785d5c7ed9965765140fb8dd9312719b3088e0bbaafbdf17b7f1
CLIENT_HANDSHAKE_TRAFFIC_SECRET 08abea43497afae723c13c54387dc15f2c1a819b1d2dfe5bac1d9cbbe4e9b6c9 085c52183fbf280536736953d93efafe96b788a40d7e05a050bff2c4d23d1ab6
SERVER_TRAFFIC_SECRET_0 b91ff2cb1c1017625ab2cee0d67cb850f90acac7ce191b255e8e5807c4594abc 70acbd6400a83a6fd5dcfdf449a4ee8cf92cb5c5edeb09dcfc17d092a02a3bb7
SERVER_HANDSHAKE_TRAFFIC_SECRET 8174529b4e377382bd76ee077ddccdc8fd3c7991fbe7af7f5a50b7486c1fe902 f96f4b4b1501f83074d5b77f1928a6682f529f34a4014b2fc50d192a529ab8e3
CLIENT_HANDSHAKE_TRAFFIC_SECRET 8174529b4e377382bd76ee077ddccdc8fd3c7991fbe7af7f5a50b7486c1fe902 c9e651dbb1cc829def7236b383ad5d3f3061e6df62d2658391fe75435ad4656a
CLIENT_TRAFFIC_SECRET_0 b91ff2cb1c1017625ab2cee0d67cb850f90acac7ce191b255e8e5807c4594abc 5e0212ffa136a28444404ba3ea0fb91b0dcc17a78a90a9e7c09dccc6dda89c3a
SERVER_TRAFFIC_SECRET_0 8174529b4e377382bd76ee077ddccdc8fd3c7991fbe7af7f5a50b7486c1fe902 43819f53699b6507de10ec3817cbd3bd0a8bd0e8c8f754560cd45711ad33314f
SERVER_TRAFFIC_SECRET_0 08abea43497afae723c13c54387dc15f2c1a819b1d2dfe5bac1d9cbbe4e9b6c9 ea4408876d8c74e61ae863d6d6e72fafc8f5be4ca72105ee7c40bbccf5e55a37
CLIENT_TRAFFIC_SECRET_0 08abea43497afae723c13c54387dc15f2c1a819b1d2dfe5bac1d9cbbe4e9b6c9 d4cde844d55b07b014d25c36fffdb61da72ea23c8ffcf326671492d0a57cacf7
CLIENT_TRAFFIC_SECRET_0 8174529b4e377382bd76ee077ddccdc8fd3c7991fbe7af7f5a50b7486c1fe902 5c497adfc89f8668f953fb18917ff6aaeaf7269f45ddf7710899a73f22baf722
SERVER_HANDSHAKE_TRAFFIC_SECRET 15d8e05f8a38c76f1e95bb8435a19f42a15a8a74057d35c9d573e571a6bc6d71 dfab4a313d877fa0ac0a10a271e62c381df50aa7ccb992584c59a8d687569eed
CLIENT_HANDSHAKE_TRAFFIC_SECRET 15d8e05f8a38c76f1e95bb8435a19f42a15a8a74057d35c9d573e571a6bc6d71 a6e5330512896f3dfac4ee67f9ad004f8e9a7e85f002838ac97c2fc7e94a340f
SERVER_TRAFFIC_SECRET_0 15d8e05f8a38c76f1e95bb8435a19f42a15a8a74057d35c9d573e571a6bc6d71 53dc5d0706904f9960e7eb58cd3dbc8a04dcc727c27f0f3d10f1abd49f4fac5e
CLIENT_TRAFFIC_SECRET_0 15d8e05f8a38c76f1e95bb8435a19f42a15a8a74057d35c9d573e571a6bc6d71 f673dc578c522747653f489cb6d6462080a2f82346bd9bb9064bf109032833b2
SERVER_HANDSHAKE_TRAFFIC_SECRET f84dec67d040ef7351602e760be4c2d226c127292f6a6adca28fe39c8c86775a 8f59013f849fdf3bdf7766dad3f51dfd81fdd35d891d229e03007d6a8c9ab235
CLIENT_HANDSHAKE_TRAFFIC_SECRET f84dec67d040ef7351602e760be4c2d226c127292f6a6adca28fe39c8c86775a d18a697cc8a423128af81052a5b7a0adaa9534c265e69e7be749d108656f6c58
SERVER_TRAFFIC_SECRET_0 f84dec67d040ef7351602e760be4c2d226c127292f6a6adca28fe39c8c86775a 2190064b152b7f62974d93c95e5b7ddf7961929a1f2d0616773dd46b5ed9bad6
CLIENT_TRAFFIC_SECRET_0 f84dec67d040ef7351602e760be4c2d226c127292f6a6adca28fe39c8c86775a 86348e363f5bc863229c075bfc016449d55f3d5577144d5d5d4e3ac973f9639d
SERVER_HANDSHAKE_TRAFFIC_SECRET 7648d74abee9fcdfe07d711a67ac7a8685722d97a353f832a04932225f3d47a3 0a40315766ca84d525803f8095dc2878e67730acfffd0cb3bc66c1da69533dea
SERVER_HANDSHAKE_TRAFFIC_SECRET 392f09df05e893eb1ca3782baa26430baa80b85aa190030769bdc46d3cc45abb 043dbe81bc16854329bde8f795dfd530e0fa08cc5603c49aa7676378862ad1d5
CLIENT_HANDSHAKE_TRAFFIC_SECRET 392f09df05e893eb1ca3782baa26430baa80b85aa190030769bdc46d3cc45abb 0b1ba2756491cf1e4660f66bb42a36867cf5d7c5673ac66d2efe26afeb0f68ce
SERVER_HANDSHAKE_TRAFFIC_SECRET 88beed31bb859e1f9a27976dbc079b84c3e91c2b5c06a31467737c59b984d036 86a04cbcda4e9ea25a0da70fde10e9186705310489c4c60f5f875592d41085c5
CLIENT_HANDSHAKE_TRAFFIC_SECRET 88beed31bb859e1f9a27976dbc079b84c3e91c2b5c06a31467737c59b984d036 9f46ee9abbb8ed079e5cd2cb7095d4bd89a22d3ec8a0aa4e2b8b0504a3a7fbee
SERVER_HANDSHAKE_TRAFFIC_SECRET 2d143917a588463e5fbb42b5d327e1b9d7c8dad5fb05f8538b6206a5fd81b44c 8983dc29b3568e46d568c32c22ce641b95d0b1c38b8d03eabe3789446fe9c9c9
CLIENT_HANDSHAKE_TRAFFIC_SECRET 2d143917a588463e5fbb42b5d327e1b9d7c8dad5fb05f8538b6206a5fd81b44c d077340e679e43c991e4305daf06da8f79ba3d13cb271f69067b31a2f68d3de0
SERVER_HANDSHAKE_TRAFFIC_SECRET 3a7e9520913f5e192238a6744f5d17d6e9b489c162742b8972ef04be28760fe6 6afb06492ee777e0260b45e7a25d0c8133e3a63aca7bfd44944abc81174be1d4
SERVER_HANDSHAKE_TRAFFIC_SECRET 946c3c5ab32e98a71c68d6ac3cc0be3848e8383b03e5a9aada95e78c898d8282 1315118681d58014f573a6389f9bf8c9aa23c9de89ace974dd1ea0df5a4f783f
CLIENT_HANDSHAKE_TRAFFIC_SECRET 946c3c5ab32e98a71c68d6ac3cc0be3848e8383b03e5a9aada95e78c898d8282 1c95aa7b6a80ac296a54c0e4c95a1acd8c967247b704d3fa7c206821579a515f
SERVER_HANDSHAKE_TRAFFIC_SECRET 02038c49201e4c7469cbc39866083b54c4e88431627a9c2d57141e5cde788451 b2abc1000ec832aa80f490a303a15f0396e13b5de3b56bcc698055686fe6b8c8
CLIENT_HANDSHAKE_TRAFFIC_SECRET 02038c49201e4c7469cbc39866083b54c4e88431627a9c2d57141e5cde788451 0cceedcc4d3ba20e6cdb14116b6529c1960f1ebbf1848ff1e532f968c764ddef
CLIENT_HANDSHAKE_TRAFFIC_SECRET 3a7e9520913f5e192238a6744f5d17d6e9b489c162742b8972ef04be28760fe6 bcd92ba019d70e4f9a90fb6ca04f2cdb9c26fe69dc79820d2d6fae84f1c05829
SERVER_HANDSHAKE_TRAFFIC_SECRET c3200138165f031e90600f3e8669558399c3b6b89a2c09626eb26b0ecfbdc2db 6109ed146ba4830cffab9100ef1ecd4b33e22a23ea97695f6d495cc0e5a64993
CLIENT_HANDSHAKE_TRAFFIC_SECRET c3200138165f031e90600f3e8669558399c3b6b89a2c09626eb26b0ecfbdc2db 4331ee910de0ddc88387e94cd3e66cd68656d7f1334d2528c5bdfd95ca1189e4
SERVER_TRAFFIC_SECRET_0 02038c49201e4c7469cbc39866083b54c4e88431627a9c2d57141e5cde788451 7a0f45a0db89c208111f0b75221b201e29c85c6627bf3ee2b5871724bf44a176
CLIENT_HANDSHAKE_TRAFFIC_SECRET 7648d74abee9fcdfe07d711a67ac7a8685722d97a353f832a04932225f3d47a3 a17f243566d0453e5ae3f49097d54df5c850345f166cfaac9ab7b99037907961
SERVER_TRAFFIC_SECRET_0 88beed31bb859e1f9a27976dbc079b84c3e91c2b5c06a31467737c59b984d036 bb07dca6c190aae593a971622047a8e76b7a2f6026bfca23e05699110d59cd8f
CLIENT_TRAFFIC_SECRET_0 88beed31bb859e1f9a27976dbc079b84c3e91c2b5c06a31467737c59b984d036 d108fc1c5ec4da3f64b7513f93d0e8371cc52e779efc3c0e5caa394410bf7f79
SERVER_TRAFFIC_SECRET_0 946c3c5ab32e98a71c68d6ac3cc0be3848e8383b03e5a9aada95e78c898d8282 26a3bca962a4468b3eecd96a3a0fca3b92cd1e5365c10b07d71955f64a2d20be
CLIENT_TRAFFIC_SECRET_0 946c3c5ab32e98a71c68d6ac3cc0be3848e8383b03e5a9aada95e78c898d8282 c4ac93e7f676f2e1f2c3057d193893850f37df2bb7d991efcc60bef7282f3693
SERVER_TRAFFIC_SECRET_0 3a7e9520913f5e192238a6744f5d17d6e9b489c162742b8972ef04be28760fe6 73266258abfcfceb2b42434287a469ed863abef85ee6dcfc347fb39d9cc5b5c5
CLIENT_TRAFFIC_SECRET_0 3a7e9520913f5e192238a6744f5d17d6e9b489c162742b8972ef04be28760fe6 8d56fee3757f935742d679b67720bb531064953556afc4d90120ff3b3dccce06
SERVER_HANDSHAKE_TRAFFIC_SECRET 755c1a89a674a201112e4991fcd586784c41f226e6785d4cc86d7a719e3d1205 8dbec586d1a4bdd9b2b476378fb6b287e02e7fe39ebc4ebc60c6b35cc4382763
CLIENT_HANDSHAKE_TRAFFIC_SECRET 755c1a89a674a201112e4991fcd586784c41f226e6785d4cc86d7a719e3d1205 f832bab1aa3c0a18c04e1897e60550626f31866c531639975dbc050d687beca7
SERVER_TRAFFIC_SECRET_0 755c1a89a674a201112e4991fcd586784c41f226e6785d4cc86d7a719e3d1205 dc42fd8df3605582a22a2e3a9086a18487d24bfa23ebfae4706ffe0221218224
SERVER_TRAFFIC_SECRET_0 c3200138165f031e90600f3e8669558399c3b6b89a2c09626eb26b0ecfbdc2db 92d660902496705dcd04c05420f9620c2d89307a70aeaaecd08e787dd5b64c1f
CLIENT_TRAFFIC_SECRET_0 c3200138165f031e90600f3e8669558399c3b6b89a2c09626eb26b0ecfbdc2db 1488257181d27b312cb60656329b0653467aea0f807e7cbfad78a68ff4a9bec3
CLIENT_TRAFFIC_SECRET_0 02038c49201e4c7469cbc39866083b54c4e88431627a9c2d57141e5cde788451 9f9b4e28e0b7ef9e124e95d763650fc669c700bfbbdc29b5a90dbf7407de03f5
SERVER_TRAFFIC_SECRET_0 392f09df05e893eb1ca3782baa26430baa80b85aa190030769bdc46d3cc45abb 901c12277a74926aa93058d89a4edefc71da0b571ee44ceef8fc78bd3f0fc0de
SERVER_TRAFFIC_SECRET_0 2d143917a588463e5fbb42b5d327e1b9d7c8dad5fb05f8538b6206a5fd81b44c eaae7da9fb5796ef2ccc2a577ff72f4fff1593909771c7a79abfaa7c217980ff
CLIENT_TRAFFIC_SECRET_0 2d143917a588463e5fbb42b5d327e1b9d7c8dad5fb05f8538b6206a5fd81b44c a70ab3793b326277351c43cdbe95a944388252ba7f10b4d57205cf6d3d952e07
CLIENT_TRAFFIC_SECRET_0 392f09df05e893eb1ca3782baa26430baa80b85aa190030769bdc46d3cc45abb ba4a853a90417d6bf76e3e9570791381ed6b31454dc1cf7768e5c12c0e6a4b2b
SERVER_HANDSHAKE_TRAFFIC_SECRET 097133822dbee5604fd248e60543d1dc155d6db68d58e7882252b23a855c8989 3eeb87f799c9435aad6fcf46fbfac1e90f0684565c921a0780036169fbff9992
SERVER_HANDSHAKE_TRAFFIC_SECRET da9ded3a25413e67ec47b7c63ee1dafb68f83be041c9596a1059af32421563b8 c4be689080f5a337c09aa085055ba2b1d65a75b962489d47a8a133c92af47076
CLIENT_HANDSHAKE_TRAFFIC_SECRET da9ded3a25413e67ec47b7c63ee1dafb68f83be041c9596a1059af32421563b8 6d828b09bc195ecfe9c8f532e7527b1a9f837ab64818271635ad1bb0bddf1d8d
SERVER_TRAFFIC_SECRET_0 7648d74abee9fcdfe07d711a67ac7a8685722d97a353f832a04932225f3d47a3 383e0d8271667008dde02c078fd0b9fea727e32ea4f92dd44b9fa736110fb465
CLIENT_HANDSHAKE_TRAFFIC_SECRET 097133822dbee5604fd248e60543d1dc155d6db68d58e7882252b23a855c8989 16decb34e5d5a145333f7924c1b1e5f7038c766a856f0ba11e11db137c8ca2e9
CLIENT_TRAFFIC_SECRET_0 755c1a89a674a201112e4991fcd586784c41f226e6785d4cc86d7a719e3d1205 6feb42786547eb1762ccabc4ab3d47c8fee8793fe1e0c9788c21fbe4541a18bb
SERVER_HANDSHAKE_TRAFFIC_SECRET 9c2319052addfba36bc26475d2fa8f2ee4d644d3832041b69918fed87796550e 9e519d406c9ee285b15aa4758a5ff30f867f0bf1682180c1addb172ce724f43a
CLIENT_HANDSHAKE_TRAFFIC_SECRET 9c2319052addfba36bc26475d2fa8f2ee4d644d3832041b69918fed87796550e 661ef6b503dbd871c259c916cbb6ecfc010cc68d566c0754c730fb3dd678217b
CLIENT_TRAFFIC_SECRET_0 7648d74abee9fcdfe07d711a67ac7a8685722d97a353f832a04932225f3d47a3 d350bfca9715fdafec728929cc2d3c979ca34e95419b6079f82c4307169464ef
SERVER_TRAFFIC_SECRET_0 9c2319052addfba36bc26475d2fa8f2ee4d644d3832041b69918fed87796550e 0989dfc947534493dabd7c9d984d086ff56dcd591e92fea005f3d565ff8853ea
SERVER_HANDSHAKE_TRAFFIC_SECRET fc9b1d14e71df4f2738e4a05def4ac03326762c36a77802f42ea038484efda96 85707a8699eb7fdff642493dc5e474ccf5ec0df959b0bd4a31374197f171fc69
CLIENT_HANDSHAKE_TRAFFIC_SECRET fc9b1d14e71df4f2738e4a05def4ac03326762c36a77802f42ea038484efda96 6ec6100bdad02917320b18493d21dfad7cdb2d8ac96eab4f18081afcae87633d
SERVER_TRAFFIC_SECRET_0 fc9b1d14e71df4f2738e4a05def4ac03326762c36a77802f42ea038484efda96 816031f18ceee50653038162bfca3d32f5409ad006c761c896991f2c34f4c235
CLIENT_TRAFFIC_SECRET_0 fc9b1d14e71df4f2738e4a05def4ac03326762c36a77802f42ea038484efda96 833f509692dbaebb4776cf7608b7ad16698100bac3ca4a613f91b7f75846e2c5
SERVER_TRAFFIC_SECRET_0 da9ded3a25413e67ec47b7c63ee1dafb68f83be041c9596a1059af32421563b8 b294fcea5e07cfd8f7e17d3b6c9556637e68966d2ad2284287920a822e0aee76
CLIENT_TRAFFIC_SECRET_0 da9ded3a25413e67ec47b7c63ee1dafb68f83be041c9596a1059af32421563b8 00a87826e8a9b3981688ffc5dad2d9bf3dcd2734e0cd458044ed3719bc4332b1
CLIENT_TRAFFIC_SECRET_0 9c2319052addfba36bc26475d2fa8f2ee4d644d3832041b69918fed87796550e 69866093be984f103492fcebd36216d0c98c359162637e9750de81a893ec48f2
SERVER_HANDSHAKE_TRAFFIC_SECRET 22a0d8dbaf03d27aa0b84a4cf87795ff5226d32ed8f5baad191e4b0f35380656 34b06a40d67edc2b4b79036026bc38d5ecc46e802e4cd5a7d7c562d30f65481c
CLIENT_HANDSHAKE_TRAFFIC_SECRET 22a0d8dbaf03d27aa0b84a4cf87795ff5226d32ed8f5baad191e4b0f35380656 2ba61fab04357d0dc619a42deebd7ab5c8c77bc50df14cd3a8fde33d84b44049
SERVER_TRAFFIC_SECRET_0 097133822dbee5604fd248e60543d1dc155d6db68d58e7882252b23a855c8989 7a5900efee6b1a116867d37d301d02ccc69a0488b8b83fc16fb3cf885280b5a5
CLIENT_TRAFFIC_SECRET_0 097133822dbee5604fd248e60543d1dc155d6db68d58e7882252b23a855c8989 c8f31e66edebf21152b53fdc6f45c12a26170cf776a1fb25f080e327da33c8ff
