CLIENT_HANDSHAKE_TRAFFIC_SECRET 1c082f6fdbbc962146477b18bccef99eb37a8982fdcfe02c9a8e396aaee176b8 b2aeaafe8dcfb8bf50b092e6e225aaa4522e5a79e55a36d04a500f26d5fd62b6
CLIENT_HANDSHAKE_TRAFFIC_SECRET 50d71486cc649f3e9515a741dac2295cd54fd7c7740212460a22ae5f897cf4f3 d49c4db3ac4845c4b114329d33f97f2d9405bda3c7e1f135d7f905d5438cf90f
SERVER_HANDSHAKE_TRAFFIC_SECRET 1c082f6fdbbc962146477b18bccef99eb37a8982fdcfe02c9a8e396aaee176b8 36c13f18231ec417270c32cee8bdb255331495919a86b5d293b0f370306c92de
SERVER_HANDSHAKE_TRAFFIC_SECRET 50d71486cc649f3e9515a741dac2295cd54fd7c7740212460a22ae5f897cf4f3 342d85b589db5a96b54e63da2cacf6a1864c736b3ba0f9e83fca7da90104276f
CLIENT_HANDSHAKE_TRAFFIC_SECRET 996aabd19e19c5ada1f6a3f142723e7b2c70cc2c22deda407262b820e67be1f7 d369240d8ca756d78f0e918957032e270015137f28acfbb0383a57961ba12609
SERVER_HANDSHAKE_TRAFFIC_SECRET 996aabd19e19c5ada1f6a3f142723e7b2c70cc2c22deda407262b820e67be1f7 2cb9f39056e15e8ca6b294882d5ca6c3338d8bff1800c3488488871571e9a896
CLIENT_HANDSHAKE_TRAFFIC_SECRET b6dbc51316ecf567b104c51bd618fc65313cab08ace33fbd1910dced690e6c6b 0f128f3a7760dde4a74edd45dadb6d5f02a4304724afbd8b67471a13b50d03d4
SERVER_HANDSHAKE_TRAFFIC_SECRET b6dbc51316ecf567b104c51bd618fc65313cab08ace33fbd1910dced690e6c6b 7ea944bb8ffe3ceef3fa3527f573549df12202322b641beaf34ad6ec83f64c2f
CLIENT_HANDSHAKE_TRAFFIC_SECRET 5d1f196a4f8a41baa8649d7ba7ab7ed27392cb46fa25ddedc8e1ad822e51e9e2 ca07aa119d5e979b2642f786381c69873c4eb9af0ea5d79ef0005439067fba92
SERVER_HANDSHAKE_TRAFFIC_SECRET 5d1f196a4f8a41baa8649d7ba7ab7ed27392cb46fa25ddedc8e1ad822e51e9e2 ab277dcdd99af6876aa50c80a46660ef61167ee10f519afd251904685b1b2845
CLIENT_HANDSHAKE_TRAFFIC_SECRET 3730f00a5c2e97d8bb904dbc09b832ec864ff397fc86d8a9eb59ff239c32cba8 2009a6d341a690c90d94fe7959dd12774f3a6e225873504ec10797d3230069df
SERVER_HANDSHAKE_TRAFFIC_SECRET 3730f00a5c2e97d8bb904dbc09b832ec864ff397fc86d8a9eb59ff239c32cba8 97f5388827e7f299fb2cc031281dd714a63b6dd299001053cdcd8c71e05057fd
CLIENT_HANDSHAKE_TRAFFIC_SECRET 7b2edba1b08902d8a9cd687d19aa52aa8be0d009e1cf14538812a46f1de05b89 9a978c355504129a2792ac3c884087620f06e96f1083f14cdedfa0bfcc15c5b1
SERVER_HANDSHAKE_TRAFFIC_SECRET 7b2edba1b08902d8a9cd687d19aa52aa8be0d009e1cf14538812a46f1de05b89 9f5626b9bd4d76dd0141fcbc6f7d20aee0c637145f029c8e1b8b3506bffa11cc
CLIENT_TRAFFIC_SECRET_0 b6dbc51316ecf567b104c51bd618fc65313cab08ace33fbd1910dced690e6c6b 34a17df77b79a8f61d8df3332a075f27b7f043e02e22add0780b3d1335f235e0
CLIENT_TRAFFIC_SECRET_0 3730f00a5c2e97d8bb904dbc09b832ec864ff397fc86d8a9eb59ff239c32cba8 3fe2642084baddf9460efca41a9e611babb0056f612e6274e770d6ed171a2f47
SERVER_TRAFFIC_SECRET_0 b6dbc51316ecf567b104c51bd618fc65313cab08ace33fbd1910dced690e6c6b 40f9daa50364a73505336e3efc1471b5eb53993514640f776c586826c8a9d9da
SERVER_TRAFFIC_SECRET_0 3730f00a5c2e97d8bb904dbc09b832ec864ff397fc86d8a9eb59ff239c32cba8 2589f312c6dda2ab4a5be92068e9d78887ed2e8d2f71bb5874ea649c086994c1
EXPORTER_SECRET b6dbc51316ecf567b104c51bd618fc65313cab08ace33fbd1910dced690e6c6b 904635e63e4db2ce47dfa07aa671a5f3cb96fcecc353fe6544427ed4a1414e5b
EXPORTER_SECRET 3730f00a5c2e97d8bb904dbc09b832ec864ff397fc86d8a9eb59ff239c32cba8 02fc3fcc284cd2ada8a133a0396de340784b26476f4e27659ee365974fc593fd
CLIENT_TRAFFIC_SECRET_0 7b2edba1b08902d8a9cd687d19aa52aa8be0d009e1cf14538812a46f1de05b89 750ac741821a4d0d48de3ec56013391cc117af5ff03c3828b9997250e7c436b5
SERVER_TRAFFIC_SECRET_0 7b2edba1b08902d8a9cd687d19aa52aa8be0d009e1cf14538812a46f1de05b89 f8a795fa2a2daf389b0fd8015ac19c9dbd5abb7ddf1942dd81387368645bef7a
EXPORTER_SECRET 7b2edba1b08902d8a9cd687d19aa52aa8be0d009e1cf14538812a46f1de05b89 bfab107e2bd744a48e66df886807f5e10bcdd642ce2f8ced93831a10532041db
CLIENT_TRAFFIC_SECRET_0 996aabd19e19c5ada1f6a3f142723e7b2c70cc2c22deda407262b820e67be1f7 22689f7669ad470e175535ecb04c1bd28fb79f9dc6d1912fbe1b72f4894c9665
SERVER_TRAFFIC_SECRET_0 996aabd19e19c5ada1f6a3f142723e7b2c70cc2c22deda407262b820e67be1f7 7d44e7fa89aa3f6a8b8fda94e243bfccc47249d6c840a0ccf68d06ac9590fb24
EXPORTER_SECRET 996aabd19e19c5ada1f6a3f142723e7b2c70cc2c22deda407262b820e67be1f7 93d4b67734a732ddf084862762242c951ddb2be3ee3d8dfd15b53c32cbf8f825
CLIENT_TRAFFIC_SECRET_0 1c082f6fdbbc962146477b18bccef99eb37a8982fdcfe02c9a8e396aaee176b8 30a1b162d2f03c8643b3b63261051d557b28e7ef66888cee478f9d2cdc8abf3d
SERVER_TRAFFIC_SECRET_0 1c082f6fdbbc962146477b18bccef99eb37a8982fdcfe02c9a8e396aaee176b8 3ccbf9fcd226733c8066ac19a85587ca0a34a4707546ccd27562db89f19733f3
EXPORTER_SECRET 1c082f6fdbbc962146477b18bccef99eb37a8982fdcfe02c9a8e396aaee176b8 db2e8a690513b2c7567ffe6fa90f48eb863bdcb3c3f62fae4124869c616b3c6a
CLIENT_HANDSHAKE_TRAFFIC_SECRET ccd7a8176c5b302ce055e58a9bf84c8008d6fa0bc15b270c1b3ac4a5593428e5 39af2fcd247b32bae6dc532660b32fbfa8c9de58e22cbeeec410f6796b1eeabe
SERVER_HANDSHAKE_TRAFFIC_SECRET ccd7a8176c5b302ce055e58a9bf84c8008d6fa0bc15b270c1b3ac4a5593428e5 a15324f9739e4d92b062a532bafc3d335ed94e64761c755555098ad0ee95fa37
CLIENT_TRAFFIC_SECRET_0 ccd7a8176c5b302ce055e58a9bf84c8008d6fa0bc15b270c1b3ac4a5593428e5 04375e3c411e1f11165e4c072103339cb56de67a18528a31ea06da112e8c5bc3
SERVER_TRAFFIC_SECRET_0 ccd7a8176c5b302ce055e58a9bf84c8008d6fa0bc15b270c1b3ac4a5593428e5 e92a4096a4845f20eb83fd115601d52736c0171378ce4bd307464c57b412f1e9
EXPORTER_SECRET ccd7a8176c5b302ce055e58a9bf84c8008d6fa0bc15b270c1b3ac4a5593428e5 8699dd0b5a30947f65e3fb9d6abb7c12bcfcbb1127cf5726177e9161c44fbac6
CLIENT_HANDSHAKE_TRAFFIC_SECRET 33aabd47725d1ab3805372c4755be81b08392bd19ef05115318bb0882b94eaa4 b5ee9b47ea8a226406dbd63813ff34b1703ef3d3a002bea56ae76184529ab0cb
SERVER_HANDSHAKE_TRAFFIC_SECRET 33aabd47725d1ab3805372c4755be81b08392bd19ef05115318bb0882b94eaa4 7980f711aebecc46f7dbd01817fbc63f2d51df3dc82c4612e78ac0c288523038
CLIENT_TRAFFIC_SECRET_0 33aabd47725d1ab3805372c4755be81b08392bd19ef05115318bb0882b94eaa4 4553556e6fe56f89ee084c064f60c3e9f3d06e00c58b7ca7617fad451ed5c949
SERVER_TRAFFIC_SECRET_0 33aabd47725d1ab3805372c4755be81b08392bd19ef05115318bb0882b94eaa4 221bd54628ac79113f15879f028abed757704a530c74fa2f6e3b4fb65cc386fa
EXPORTER_SECRET 33aabd47725d1ab3805372c4755be81b08392bd19ef05115318bb0882b94eaa4 885576b5916ce0e3eefc42a136a367cfdda61c4aa4eb55d970d4d7824bbc21bd
CLIENT_TRAFFIC_SECRET_0 5d1f196a4f8a41baa8649d7ba7ab7ed27392cb46fa25ddedc8e1ad822e51e9e2 d1410e23776fbf48a62752a6818df835e9bfe06147adde91f6f62c0ee331b1d2
SERVER_TRAFFIC_SECRET_0 5d1f196a4f8a41baa8649d7ba7ab7ed27392cb46fa25ddedc8e1ad822e51e9e2 ddd54112f02f8d1436001cb968085ca274aacb6941fc59d35ae0c5e28b6874d5
EXPORTER_SECRET 5d1f196a4f8a41baa8649d7ba7ab7ed27392cb46fa25ddedc8e1ad822e51e9e2 a388c31f5c2e10d2c306519a09ba45b4fdbb696ba7bb95c092d362080bdbf4d5
CLIENT_TRAFFIC_SECRET_0 50d71486cc649f3e9515a741dac2295cd54fd7c7740212460a22ae5f897cf4f3 f1c53aabff021694cc0689b81383f5e8e429d31e727e603aaaefc49a1666d194
SERVER_TRAFFIC_SECRET_0 50d71486cc649f3e9515a741dac2295cd54fd7c7740212460a22ae5f897cf4f3 059161adf707fcd328a1b3213586c3a7b587779c42468d2036c926c5c175f508
EXPORTER_SECRET 50d71486cc649f3e9515a741dac2295cd54fd7c7740212460a22ae5f897cf4f3 f4d19f39b294d741f882b0c5440f94c34cbdd3424d01ff236fbf32ecff2171f6
CLIENT_HANDSHAKE_TRAFFIC_SECRET dd6712a44a66f53b6ee240228750f6247d56e0a8872b850b10d747fed5d60b71 993189f05ebb0366b270f5c0e4085f3afe22b445acd859da1d51423435cfc432
SERVER_HANDSHAKE_TRAFFIC_SECRET dd6712a44a66f53b6ee240228750f6247d56e0a8872b850b10d747fed5d60b71 79dc29478e3b08a2c97dc4457258aa292fa073afd120331f91e5771fd54f3f9c
CLIENT_TRAFFIC_SECRET_0 dd6712a44a66f53b6ee240228750f6247d56e0a8872b850b10d747fed5d60b71 46d82782d9e40fec33459bcceab6abf9c9b287a52b0290e66435472bc866ecc7
SERVER_TRAFFIC_SECRET_0 dd6712a44a66f53b6ee240228750f6247d56e0a8872b850b10d747fed5d60b71 4aa7941a11beaa04f323c53245f85db0b1b40cd13c9d01ce329dbaa37a344f88
EXPORTER_SECRET dd6712a44a66f53b6ee240228750f6247d56e0a8872b850b10d747fed5d60b71 91ae98a679863e7d5e416d8abd2bf0733509599e45c70b7a67799eaeb7883c33
